Apache Maven 3.9.10 (5f519b97e944483d878815739f519b2eade0a91d)
Maven home: C:\Program Files\Apache\Maven\apache-maven-3.9.10
Java version: 25.0.1, vendor: Oracle Corporation, runtime: C:\Program Files\Java\jdk-25
Default locale: en_IN, platform encoding: UTF-8
OS name: "windows 11", version: "10.0", arch: "amd64", family: "windows"
[DEBUG] Created new class realm maven.api
[DEBUG] Importing foreign packages into class realm maven.api
[DEBUG]   Imported: javax.annotation.* < plexus.core
[DEBUG]   Imported: javax.annotation.security.* < plexus.core
[DEBUG]   Imported: javax.inject.* < plexus.core
[DEBUG]   Imported: org.apache.maven.* < plexus.core
[DEBUG]   Imported: org.apache.maven.artifact < plexus.core
[DEBUG]   Imported: org.apache.maven.classrealm < plexus.core
[DEBUG]   Imported: org.apache.maven.cli < plexus.core
[DEBUG]   Imported: org.apache.maven.configuration < plexus.core
[DEBUG]   Imported: org.apache.maven.exception < plexus.core
[DEBUG]   Imported: org.apache.maven.execution < plexus.core
[DEBUG]   Imported: org.apache.maven.execution.scope < plexus.core
[DEBUG]   Imported: org.apache.maven.graph < plexus.core
[DEBUG]   Imported: org.apache.maven.lifecycle < plexus.core
[DEBUG]   Imported: org.apache.maven.model < plexus.core
[DEBUG]   Imported: org.apache.maven.monitor < plexus.core
[DEBUG]   Imported: org.apache.maven.plugin < plexus.core
[DEBUG]   Imported: org.apache.maven.profiles < plexus.core
[DEBUG]   Imported: org.apache.maven.project < plexus.core
[DEBUG]   Imported: org.apache.maven.reporting < plexus.core
[DEBUG]   Imported: org.apache.maven.repository < plexus.core
[DEBUG]   Imported: org.apache.maven.rtinfo < plexus.core
[DEBUG]   Imported: org.apache.maven.settings < plexus.core
[DEBUG]   Imported: org.apache.maven.toolchain < plexus.core
[DEBUG]   Imported: org.apache.maven.usability < plexus.core
[DEBUG]   Imported: org.apache.maven.wagon.* < plexus.core
[DEBUG]   Imported: org.apache.maven.wagon.authentication < plexus.core
[DEBUG]   Imported: org.apache.maven.wagon.authorization < plexus.core
[DEBUG]   Imported: org.apache.maven.wagon.events < plexus.core
[DEBUG]   Imported: org.apache.maven.wagon.observers < plexus.core
[DEBUG]   Imported: org.apache.maven.wagon.proxy < plexus.core
[DEBUG]   Imported: org.apache.maven.wagon.repository < plexus.core
[DEBUG]   Imported: org.apache.maven.wagon.resource < plexus.core
[DEBUG]   Imported: org.codehaus.classworlds < plexus.core
[DEBUG]   Imported: org.codehaus.plexus.* < plexus.core
[DEBUG]   Imported: org.codehaus.plexus.classworlds < plexus.core
[DEBUG]   Imported: org.codehaus.plexus.component < plexus.core
[DEBUG]   Imported: org.codehaus.plexus.configuration < plexus.core
[DEBUG]   Imported: org.codehaus.plexus.container < plexus.core
[DEBUG]   Imported: org.codehaus.plexus.context < plexus.core
[DEBUG]   Imported: org.codehaus.plexus.lifecycle < plexus.core
[DEBUG]   Imported: org.codehaus.plexus.logging < plexus.core
[DEBUG]   Imported: org.codehaus.plexus.personality < plexus.core
[DEBUG]   Imported: org.codehaus.plexus.util.xml.Xpp3Dom < plexus.core
[DEBUG]   Imported: org.codehaus.plexus.util.xml.pull.XmlPullParser < plexus.core
[DEBUG]   Imported: org.codehaus.plexus.util.xml.pull.XmlPullParserException < plexus.core
[DEBUG]   Imported: org.codehaus.plexus.util.xml.pull.XmlSerializer < plexus.core
[DEBUG]   Imported: org.eclipse.aether.* < plexus.core
[DEBUG]   Imported: org.eclipse.aether.artifact < plexus.core
[DEBUG]   Imported: org.eclipse.aether.collection < plexus.core
[DEBUG]   Imported: org.eclipse.aether.deployment < plexus.core
[DEBUG]   Imported: org.eclipse.aether.graph < plexus.core
[DEBUG]   Imported: org.eclipse.aether.impl < plexus.core
[DEBUG]   Imported: org.eclipse.aether.installation < plexus.core
[DEBUG]   Imported: org.eclipse.aether.internal.impl < plexus.core
[DEBUG]   Imported: org.eclipse.aether.metadata < plexus.core
[DEBUG]   Imported: org.eclipse.aether.repository < plexus.core
[DEBUG]   Imported: org.eclipse.aether.resolution < plexus.core
[DEBUG]   Imported: org.eclipse.aether.spi < plexus.core
[DEBUG]   Imported: org.eclipse.aether.transfer < plexus.core
[DEBUG]   Imported: org.eclipse.aether.util < plexus.core
[DEBUG]   Imported: org.eclipse.aether.version < plexus.core
[DEBUG]   Imported: org.fusesource.jansi.* < plexus.core
[DEBUG]   Imported: org.slf4j.* < plexus.core
[DEBUG]   Imported: org.slf4j.event.* < plexus.core
[DEBUG]   Imported: org.slf4j.helpers.* < plexus.core
[DEBUG]   Imported: org.slf4j.spi.* < plexus.core
[DEBUG] Populating class realm maven.api
[DEBUG] Created adapter factory; available factories [file-lock, rwlock-local, semaphore-local, noop]; available name mappers [discriminating, file-gav, file-hgav, file-static, gav, static]
[INFO] Error stacktraces are turned on.
[DEBUG] Message scheme: color
[DEBUG] Message styles: debug info warning error success failure strong mojo project
[DEBUG] Reading global settings from C:\Program Files\Apache\Maven\apache-maven-3.9.10\conf\settings.xml
[DEBUG] Reading user settings from C:\Users\Hp\.m2\settings.xml
[DEBUG] Reading global toolchains from C:\Program Files\Apache\Maven\apache-maven-3.9.10\conf\toolchains.xml
[DEBUG] Reading user toolchains from C:\Users\Hp\.m2\toolchains.xml
[DEBUG] Using local repository at C:\Users\Hp\.m2\repository
[DEBUG] Using manager EnhancedLocalRepositoryManager with priority 10.0 for C:\Users\Hp\.m2\repository
[INFO] Scanning for projects...
[DEBUG] Creating adapter using nameMapper 'gav' and factory 'rwlock-local'
[DEBUG] Extension realms for project com.agrifarms:agri-farms-common-service:jar:0.0.1-SNAPSHOT: (none)
[DEBUG] Looking up lifecycle mappings for packaging jar from ClassRealm[plexus.core, parent: null]
[DEBUG] Extension realms for project org.springframework.boot:spring-boot-starter-parent:pom:3.2.3: (none)
[DEBUG] Looking up lifecycle mappings for packaging pom from ClassRealm[plexus.core, parent: null]
[DEBUG] Extension realms for project org.springframework.boot:spring-boot-dependencies:pom:3.2.3: (none)
[DEBUG] Looking up lifecycle mappings for packaging pom from ClassRealm[plexus.core, parent: null]
[DEBUG] === REACTOR BUILD PLAN ================================================
[DEBUG] Project: com.agrifarms:agri-farms-common-service:jar:0.0.1-SNAPSHOT
[DEBUG] Tasks:   [clean, compile]
[DEBUG] Style:   Regular
[DEBUG] =======================================================================
[INFO] 
[INFO] --------------< com.agrifarms:agri-farms-common-service >---------------
[INFO] Building agri-farms-common-service 0.0.1-SNAPSHOT
[INFO]   from pom.xml
[INFO] --------------------------------[ jar ]---------------------------------
[DEBUG] Lifecycle clean -> [pre-clean, clean, post-clean]
[DEBUG] Lifecycle default -> [validate, initialize, generate-sources, process-sources, generate-resources, process-resources, compile, process-classes, generate-test-sources, process-test-sources, generate-test-resources, process-test-resources, test-compile, process-test-classes, test, prepare-package, package, pre-integration-test, integration-test, post-integration-test, verify, install, deploy]
[DEBUG] Lifecycle site -> [pre-site, site, post-site, site-deploy]
[DEBUG] Lifecycle clean -> [pre-clean, clean, post-clean]
[DEBUG] Lifecycle default -> [validate, initialize, generate-sources, process-sources, generate-resources, process-resources, compile, process-classes, generate-test-sources, process-test-sources, generate-test-resources, process-test-resources, test-compile, process-test-classes, test, prepare-package, package, pre-integration-test, integration-test, post-integration-test, verify, install, deploy]
[DEBUG] Lifecycle site -> [pre-site, site, post-site, site-deploy]
[DEBUG] Lifecycle clean -> [pre-clean, clean, post-clean]
[DEBUG] Lifecycle default -> [validate, initialize, generate-sources, process-sources, generate-resources, process-resources, compile, process-classes, generate-test-sources, process-test-sources, generate-test-resources, process-test-resources, test-compile, process-test-classes, test, prepare-package, package, pre-integration-test, integration-test, post-integration-test, verify, install, deploy]
[DEBUG] Lifecycle site -> [pre-site, site, post-site, site-deploy]
[DEBUG] Lifecycle clean -> [pre-clean, clean, post-clean]
[DEBUG] Lifecycle default -> [validate, initialize, generate-sources, process-sources, generate-resources, process-resources, compile, process-classes, generate-test-sources, process-test-sources, generate-test-resources, process-test-resources, test-compile, process-test-classes, test, prepare-package, package, pre-integration-test, integration-test, post-integration-test, verify, install, deploy]
[DEBUG] Lifecycle site -> [pre-site, site, post-site, site-deploy]
[DEBUG] Lifecycle clean -> [pre-clean, clean, post-clean]
[DEBUG] Lifecycle default -> [validate, initialize, generate-sources, process-sources, generate-resources, process-resources, compile, process-classes, generate-test-sources, process-test-sources, generate-test-resources, process-test-resources, test-compile, process-test-classes, test, prepare-package, package, pre-integration-test, integration-test, post-integration-test, verify, install, deploy]
[DEBUG] Lifecycle site -> [pre-site, site, post-site, site-deploy]
[DEBUG] === PROJECT BUILD PLAN ================================================
[DEBUG] Project:       com.agrifarms:agri-farms-common-service:0.0.1-SNAPSHOT
[DEBUG] Dependencies (collect): []
[DEBUG] Dependencies (resolve): [compile]
[DEBUG] Repositories (dependencies): [central (https://repo.maven.apache.org/maven2, default, releases)]
[DEBUG] Repositories (plugins)     : [central (https://repo.maven.apache.org/maven2, default, releases)]
[DEBUG] -----------------------------------------------------------------------
[DEBUG] Goal:          org.apache.maven.plugins:maven-clean-plugin:3.3.2:clean (default-clean)
[DEBUG] Style:         Regular
[DEBUG] Configuration: <?xml version="1.0" encoding="UTF-8"?>
<configuration>
  <directory default-value="${project.build.directory}"/>
  <excludeDefaultDirectories default-value="false">${maven.clean.excludeDefaultDirectories}</excludeDefaultDirectories>
  <failOnError default-value="true">${maven.clean.failOnError}</failOnError>
  <fast default-value="false">${maven.clean.fast}</fast>
  <fastDir>${maven.clean.fastDir}</fastDir>
  <fastMode default-value="background">${maven.clean.fastMode}</fastMode>
  <followSymLinks default-value="false">${maven.clean.followSymLinks}</followSymLinks>
  <outputDirectory default-value="${project.build.outputDirectory}"/>
  <reportDirectory default-value="${project.build.outputDirectory}"/>
  <retryOnError default-value="true">${maven.clean.retryOnError}</retryOnError>
  <session default-value="${session}"/>
  <skip default-value="false">${maven.clean.skip}</skip>
  <testOutputDirectory default-value="${project.build.testOutputDirectory}"/>
  <verbose>${maven.clean.verbose}</verbose>
</configuration>
[DEBUG] -----------------------------------------------------------------------
[DEBUG] Goal:          org.apache.maven.plugins:maven-resources-plugin:3.3.1:resources (default-resources)
[DEBUG] Style:         Regular
[DEBUG] Configuration: <?xml version="1.0" encoding="UTF-8"?>
<configuration>
  <addDefaultExcludes default-value="true"/>
  <buildFilters default-value="${project.build.filters}"/>
  <delimiters>
    <delimiter>@</delimiter>
  </delimiters>
  <encoding default-value="${project.build.sourceEncoding}"/>
  <escapeWindowsPaths default-value="true"/>
  <fileNameFiltering default-value="false"/>
  <includeEmptyDirs default-value="false"/>
  <outputDirectory default-value="${project.build.outputDirectory}"/>
  <overwrite default-value="false"/>
  <project default-value="${project}"/>
  <propertiesEncoding>UTF-8</propertiesEncoding>
  <resources default-value="${project.resources}"/>
  <session default-value="${session}"/>
  <skip default-value="false">${maven.resources.skip}</skip>
  <supportMultiLineFiltering default-value="false"/>
  <useBuildFilters default-value="true"/>
  <useDefaultDelimiters default-value="true">false</useDefaultDelimiters>
</configuration>
[DEBUG] -----------------------------------------------------------------------
[DEBUG] Goal:          org.apache.maven.plugins:maven-compiler-plugin:3.11.0:compile (default-compile)
[DEBUG] Style:         Regular
[DEBUG] Configuration: <?xml version="1.0" encoding="UTF-8"?>
<configuration>
  <basedir default-value="${basedir}"/>
  <buildDirectory default-value="${project.build.directory}"/>
  <compilePath default-value="${project.compileClasspathElements}"/>
  <compileSourceRoots default-value="${project.compileSourceRoots}"/>
  <compilerId default-value="javac">${maven.compiler.compilerId}</compilerId>
  <compilerReuseStrategy default-value="${reuseCreated}">${maven.compiler.compilerReuseStrategy}</compilerReuseStrategy>
  <compilerVersion>${maven.compiler.compilerVersion}</compilerVersion>
  <createMissingPackageInfoClass default-value="true">${maven.compiler.createMissingPackageInfoClass}</createMissingPackageInfoClass>
  <debug default-value="true">${maven.compiler.debug}</debug>
  <debugFileName default-value="javac"/>
  <debuglevel>${maven.compiler.debuglevel}</debuglevel>
  <enablePreview default-value="false">${maven.compiler.enablePreview}</enablePreview>
  <encoding default-value="${project.build.sourceEncoding}">${encoding}</encoding>
  <executable>${maven.compiler.executable}</executable>
  <failOnError default-value="true">${maven.compiler.failOnError}</failOnError>
  <failOnWarning default-value="false">${maven.compiler.failOnWarning}</failOnWarning>
  <forceJavacCompilerUse default-value="false">${maven.compiler.forceJavacCompilerUse}</forceJavacCompilerUse>
  <fork default-value="false">${maven.compiler.fork}</fork>
  <generatedSourcesDirectory default-value="${project.build.directory}/generated-sources/annotations"/>
  <implicit>${maven.compiler.implicit}</implicit>
  <maxmem>${maven.compiler.maxmem}</maxmem>
  <meminitial>${maven.compiler.meminitial}</meminitial>
  <mojoExecution default-value="${mojoExecution}"/>
  <optimize default-value="false">${maven.compiler.optimize}</optimize>
  <outputDirectory default-value="${project.build.outputDirectory}"/>
  <parameters default-value="false">true</parameters>
  <project default-value="${project}"/>
  <projectArtifact default-value="${project.artifact}"/>
  <release>${maven.compiler.release}</release>
  <session default-value="${session}"/>
  <showCompilationChanges default-value="false">${maven.compiler.showCompilationChanges}</showCompilationChanges>
  <showDeprecation default-value="false">${maven.compiler.showDeprecation}</showDeprecation>
  <showWarnings default-value="true">${maven.compiler.showWarnings}</showWarnings>
  <skipMain>${maven.main.skip}</skipMain>
  <skipMultiThreadWarning default-value="false">${maven.compiler.skipMultiThreadWarning}</skipMultiThreadWarning>
  <source default-value="1.8">${maven.compiler.source}</source>
  <staleMillis default-value="0">${lastModGranularityMs}</staleMillis>
  <target default-value="1.8">${maven.compiler.target}</target>
  <useIncrementalCompilation default-value="true">${maven.compiler.useIncrementalCompilation}</useIncrementalCompilation>
  <verbose default-value="false">${maven.compiler.verbose}</verbose>
</configuration>
[DEBUG] =======================================================================
[DEBUG] Using mirror maven-default-http-blocker (http://0.0.0.0/) for ow2-snapshot (http://repository.ow2.org/nexus/content/repositories/snapshots).
[DEBUG] Using mirror maven-default-http-blocker (http://0.0.0.0/) for vaadin-snapshots (http://oss.sonatype.org/content/repositories/vaadin-snapshots/).
[DEBUG] Using mirror maven-default-http-blocker (http://0.0.0.0/) for vaadin-releases (http://oss.sonatype.org/content/repositories/vaadin-releases/).
[DEBUG] Dependency collection stats {ConflictMarker.analyzeTime=1415700, ConflictMarker.markTime=450900, ConflictMarker.nodeCount=190, ConflictIdSorter.graphTime=854300, ConflictIdSorter.topsortTime=462500, ConflictIdSorter.conflictIdCount=98, ConflictIdSorter.conflictIdCycleCount=0, ConflictResolver.totalTime=9497700, ConflictResolver.conflictItemCount=185, DfDependencyCollector.collectTime=462581000, DfDependencyCollector.transformTime=14414900}
[DEBUG] com.agrifarms:agri-farms-common-service:jar:0.0.1-SNAPSHOT
[DEBUG]    org.springframework.boot:spring-boot-starter-web:jar:3.2.3:compile
[DEBUG]       org.springframework.boot:spring-boot-starter:jar:3.2.3:compile (version managed from 3.2.3)
[DEBUG]          org.springframework.boot:spring-boot-starter-logging:jar:3.2.3:compile (version managed from 3.2.3)
[DEBUG]             ch.qos.logback:logback-classic:jar:1.4.14:compile (version managed from 1.4.14)
[DEBUG]                ch.qos.logback:logback-core:jar:1.4.14:compile (version managed from 1.4.14)
[DEBUG]             org.apache.logging.log4j:log4j-to-slf4j:jar:2.21.1:compile (version managed from 2.21.1)
[DEBUG]                org.apache.logging.log4j:log4j-api:jar:2.21.1:compile (version managed from 2.21.1)
[DEBUG]             org.slf4j:jul-to-slf4j:jar:2.0.12:compile (version managed from 2.0.12)
[DEBUG]          jakarta.annotation:jakarta.annotation-api:jar:2.1.1:compile (version managed from 2.1.1)
[DEBUG]       org.springframework.boot:spring-boot-starter-json:jar:3.2.3:compile (version managed from 3.2.3)
[DEBUG]          com.fasterxml.jackson.core:jackson-databind:jar:2.15.4:compile (version managed from 2.15.4)
[DEBUG]             com.fasterxml.jackson.core:jackson-annotations:jar:2.15.4:compile (version managed from 2.15.4)
[DEBUG]             com.fasterxml.jackson.core:jackson-core:jar:2.15.4:compile (version managed from 2.15.4)
[DEBUG]          com.fasterxml.jackson.datatype:jackson-datatype-jdk8:jar:2.15.4:compile (version managed from 2.15.4)
[DEBUG]          com.fasterxml.jackson.datatype:jackson-datatype-jsr310:jar:2.15.4:compile (version managed from 2.15.4)
[DEBUG]          com.fasterxml.jackson.module:jackson-module-parameter-names:jar:2.15.4:compile (version managed from 2.15.4)
[DEBUG]       org.springframework.boot:spring-boot-starter-tomcat:jar:3.2.3:compile (version managed from 3.2.3)
[DEBUG]          org.apache.tomcat.embed:tomcat-embed-core:jar:10.1.19:compile (version managed from 10.1.19)
[DEBUG]          org.apache.tomcat.embed:tomcat-embed-el:jar:10.1.19:compile (version managed from 10.1.19)
[DEBUG]          org.apache.tomcat.embed:tomcat-embed-websocket:jar:10.1.19:compile (version managed from 10.1.19)
[DEBUG]       org.springframework:spring-web:jar:6.1.4:compile (version managed from 6.1.4)
[DEBUG]          org.springframework:spring-beans:jar:6.1.4:compile (version managed from 6.1.4)
[DEBUG]          io.micrometer:micrometer-observation:jar:1.12.3:compile (version managed from 1.12.3)
[DEBUG]             io.micrometer:micrometer-commons:jar:1.12.3:compile (version managed from 1.12.3)
[DEBUG]       org.springframework:spring-webmvc:jar:6.1.4:compile (version managed from 6.1.4)
[DEBUG]          org.springframework:spring-aop:jar:6.1.4:compile (version managed from 6.1.4)
[DEBUG]          org.springframework:spring-context:jar:6.1.4:compile (version managed from 6.1.4)
[DEBUG]          org.springframework:spring-expression:jar:6.1.4:compile (version managed from 6.1.4)
[DEBUG]    org.springframework.boot:spring-boot-devtools:jar:3.2.3:runtime (optional)
[DEBUG]       org.springframework.boot:spring-boot:jar:3.2.3:compile (version managed from 3.2.3)
[DEBUG]       org.springframework.boot:spring-boot-autoconfigure:jar:3.2.3:compile (version managed from 3.2.3)
[DEBUG]    org.projectlombok:lombok:jar:1.18.30:compile (optional)
[DEBUG]    org.springframework.boot:spring-boot-starter-data-jpa:jar:3.2.3:compile
[DEBUG]       org.springframework.boot:spring-boot-starter-aop:jar:3.2.3:compile (version managed from 3.2.3)
[DEBUG]          org.aspectj:aspectjweaver:jar:1.9.21:compile (version managed from 1.9.21)
[DEBUG]       org.springframework.boot:spring-boot-starter-jdbc:jar:3.2.3:compile (version managed from 3.2.3)
[DEBUG]          com.zaxxer:HikariCP:jar:5.0.1:compile (version managed from 5.0.1)
[DEBUG]          org.springframework:spring-jdbc:jar:6.1.4:compile (version managed from 6.1.4)
[DEBUG]       org.hibernate.orm:hibernate-core:jar:6.4.4.Final:compile (version managed from 6.4.4.Final)
[DEBUG]          jakarta.persistence:jakarta.persistence-api:jar:3.1.0:compile (version managed from 3.1.0)
[DEBUG]          jakarta.transaction:jakarta.transaction-api:jar:2.0.1:compile (version managed from 2.0.1)
[DEBUG]          org.jboss.logging:jboss-logging:jar:3.5.3.Final:runtime (version managed from 3.5.0.Final)
[DEBUG]          org.hibernate.common:hibernate-commons-annotations:jar:6.0.6.Final:runtime
[DEBUG]          io.smallrye:jandex:jar:3.1.2:runtime
[DEBUG]          com.fasterxml:classmate:jar:1.6.0:runtime (version managed from 1.5.1)
[DEBUG]          net.bytebuddy:byte-buddy:jar:1.14.12:runtime (version managed from 1.14.11)
[DEBUG]          org.glassfish.jaxb:jaxb-runtime:jar:4.0.4:runtime (version managed from 4.0.2)
[DEBUG]             org.glassfish.jaxb:jaxb-core:jar:4.0.4:runtime (version managed from 4.0.4)
[DEBUG]                org.eclipse.angus:angus-activation:jar:2.0.1:runtime (version managed from 2.0.1)
[DEBUG]                org.glassfish.jaxb:txw2:jar:4.0.4:runtime (version managed from 4.0.4)
[DEBUG]                com.sun.istack:istack-commons-runtime:jar:4.1.2:runtime (version managed from 4.1.2)
[DEBUG]          jakarta.inject:jakarta.inject-api:jar:2.0.1:runtime
[DEBUG]          org.antlr:antlr4-runtime:jar:4.13.0:compile
[DEBUG]       org.springframework.data:spring-data-jpa:jar:3.2.3:compile (version managed from 3.2.3)
[DEBUG]          org.springframework.data:spring-data-commons:jar:3.2.3:compile (version managed from 3.2.3)
[DEBUG]          org.springframework:spring-orm:jar:6.1.4:compile (version managed from 6.1.4)
[DEBUG]          org.springframework:spring-tx:jar:6.1.4:compile (version managed from 6.1.4)
[DEBUG]          org.slf4j:slf4j-api:jar:2.0.12:compile (version managed from 2.0.2)
[DEBUG]       org.springframework:spring-aspects:jar:6.1.4:compile (version managed from 6.1.4)
[DEBUG]    org.postgresql:postgresql:jar:42.6.1:runtime
[DEBUG]       org.checkerframework:checker-qual:jar:3.31.0:runtime
[DEBUG]    org.liquibase:liquibase-core:jar:4.24.0:compile
[DEBUG]       com.opencsv:opencsv:jar:5.8:compile
[DEBUG]       org.apache.commons:commons-lang3:jar:3.13.0:compile (version managed from 3.12.0)
[DEBUG]       org.apache.commons:commons-text:jar:1.10.0:compile
[DEBUG]       org.apache.commons:commons-collections4:jar:4.4:compile
[DEBUG]       org.yaml:snakeyaml:jar:2.2:compile (version managed from 2.2)
[DEBUG]       javax.xml.bind:jaxb-api:jar:2.3.1:compile
[DEBUG]    org.springframework.boot:spring-boot-starter-test:jar:3.2.3:test
[DEBUG]       org.springframework.boot:spring-boot-test:jar:3.2.3:test (version managed from 3.2.3)
[DEBUG]       org.springframework.boot:spring-boot-test-autoconfigure:jar:3.2.3:test (version managed from 3.2.3)
[DEBUG]       com.jayway.jsonpath:json-path:jar:2.9.0:test (version managed from 2.9.0)
[DEBUG]       jakarta.xml.bind:jakarta.xml.bind-api:jar:4.0.1:runtime (version managed from 4.0.1)
[DEBUG]          jakarta.activation:jakarta.activation-api:jar:2.1.2:runtime (version managed from 2.1.2)
[DEBUG]       net.minidev:json-smart:jar:2.5.0:test (version managed from 2.5.0)
[DEBUG]          net.minidev:accessors-smart:jar:2.5.0:test
[DEBUG]             org.ow2.asm:asm:jar:9.3:test
[DEBUG]       org.assertj:assertj-core:jar:3.24.2:test (version managed from 3.24.2)
[DEBUG]       org.awaitility:awaitility:jar:4.2.0:test (version managed from 4.2.0)
[DEBUG]       org.hamcrest:hamcrest:jar:2.2:test (version managed from 2.2)
[DEBUG]       org.junit.jupiter:junit-jupiter:jar:5.10.2:test (version managed from 5.10.2)
[DEBUG]          org.junit.jupiter:junit-jupiter-api:jar:5.10.2:test (version managed from 5.10.2)
[DEBUG]             org.opentest4j:opentest4j:jar:1.3.0:test
[DEBUG]             org.junit.platform:junit-platform-commons:jar:1.10.2:test (version managed from 1.10.2)
[DEBUG]             org.apiguardian:apiguardian-api:jar:1.1.2:test
[DEBUG]          org.junit.jupiter:junit-jupiter-params:jar:5.10.2:test (version managed from 5.10.2)
[DEBUG]          org.junit.jupiter:junit-jupiter-engine:jar:5.10.2:test (version managed from 5.10.2)
[DEBUG]             org.junit.platform:junit-platform-engine:jar:1.10.2:test (version managed from 1.10.2)
[DEBUG]       org.mockito:mockito-core:jar:5.7.0:test (version managed from 5.7.0)
[DEBUG]          net.bytebuddy:byte-buddy-agent:jar:1.14.12:test (version managed from 1.14.9)
[DEBUG]          org.objenesis:objenesis:jar:3.3:test
[DEBUG]       org.mockito:mockito-junit-jupiter:jar:5.7.0:test (version managed from 5.7.0)
[DEBUG]       org.skyscreamer:jsonassert:jar:1.5.1:test (version managed from 1.5.1)
[DEBUG]          com.vaadin.external.google:android-json:jar:0.0.20131108.vaadin1:test
[DEBUG]       org.springframework:spring-core:jar:6.1.4:compile (version managed from 6.1.4)
[DEBUG]          org.springframework:spring-jcl:jar:6.1.4:compile (version managed from 6.1.4)
[DEBUG]       org.springframework:spring-test:jar:6.1.4:test (version managed from 6.1.4)
[DEBUG]       org.xmlunit:xmlunit-core:jar:2.9.1:test (version managed from 2.9.1)
[INFO] 
[INFO] --- clean:3.3.2:clean (default-clean) @ agri-farms-common-service ---
[DEBUG] Dependency collection stats {ConflictMarker.analyzeTime=96200, ConflictMarker.markTime=79100, ConflictMarker.nodeCount=2, ConflictIdSorter.graphTime=97200, ConflictIdSorter.topsortTime=11900, ConflictIdSorter.conflictIdCount=2, ConflictIdSorter.conflictIdCycleCount=0, ConflictResolver.totalTime=96100, ConflictResolver.conflictItemCount=2, DfDependencyCollector.collectTime=12530700, DfDependencyCollector.transformTime=397300}
[DEBUG] org.apache.maven.plugins:maven-clean-plugin:jar:3.3.2
[DEBUG]    org.codehaus.plexus:plexus-utils:jar:4.0.0:compile
[DEBUG] Created new class realm plugin>org.apache.maven.plugins:maven-clean-plugin:3.3.2
[DEBUG] Importing foreign packages into class realm plugin>org.apache.maven.plugins:maven-clean-plugin:3.3.2
[DEBUG]   Imported:  < maven.api
[DEBUG] Populating class realm plugin>org.apache.maven.plugins:maven-clean-plugin:3.3.2
[DEBUG]   Included: org.apache.maven.plugins:maven-clean-plugin:jar:3.3.2
[DEBUG]   Included: org.codehaus.plexus:plexus-utils:jar:4.0.0
[DEBUG] Loading mojo org.apache.maven.plugins:maven-clean-plugin:3.3.2:clean from plugin realm ClassRealm[plugin>org.apache.maven.plugins:maven-clean-plugin:3.3.2, parent: jdk.internal.loader.ClassLoaders$AppClassLoader@1affbebc]
[DEBUG] Configuring mojo execution 'org.apache.maven.plugins:maven-clean-plugin:3.3.2:clean:default-clean' with basic configurator -->
[DEBUG]   (f) directory = D:\company-work\agrifarm project\agrifarm-common-service\target
[DEBUG]   (f) excludeDefaultDirectories = false
[DEBUG]   (f) failOnError = true
[DEBUG]   (f) fast = false
[DEBUG]   (f) fastMode = background
[DEBUG]   (f) followSymLinks = false
[DEBUG]   (f) outputDirectory = D:\company-work\agrifarm project\agrifarm-common-service\target\classes
[DEBUG]   (f) reportDirectory = D:\company-work\agrifarm project\agrifarm-common-service\target\classes
[DEBUG]   (f) retryOnError = true
[DEBUG]   (f) session = org.apache.maven.execution.MavenSession@30364216
[DEBUG]   (f) skip = false
[DEBUG]   (f) testOutputDirectory = D:\company-work\agrifarm project\agrifarm-common-service\target\test-classes
[DEBUG] -- end configuration --
[INFO] Deleting D:\company-work\agrifarm project\agrifarm-common-service\target
[INFO] Deleting file D:\company-work\agrifarm project\agrifarm-common-service\target\maven-status\maven-compiler-plugin\compile\default-compile\inputFiles.lst
[INFO] Deleting file D:\company-work\agrifarm project\agrifarm-common-service\target\maven-status\maven-compiler-plugin\compile\default-compile\createdFiles.lst
[INFO] Deleting directory D:\company-work\agrifarm project\agrifarm-common-service\target\maven-status\maven-compiler-plugin\compile\default-compile
[INFO] Deleting directory D:\company-work\agrifarm project\agrifarm-common-service\target\maven-status\maven-compiler-plugin\compile
[INFO] Deleting directory D:\company-work\agrifarm project\agrifarm-common-service\target\maven-status\maven-compiler-plugin
[INFO] Deleting directory D:\company-work\agrifarm project\agrifarm-common-service\target\maven-status
[INFO] Deleting directory D:\company-work\agrifarm project\agrifarm-common-service\target\generated-sources\annotations
[INFO] Deleting directory D:\company-work\agrifarm project\agrifarm-common-service\target\generated-sources
[INFO] Deleting file D:\company-work\agrifarm project\agrifarm-common-service\target\classes\db\changelog\db.changelog-master.yaml
[INFO] Deleting file D:\company-work\agrifarm project\agrifarm-common-service\target\classes\db\changelog\db.changelog-agri.sql
[INFO] Deleting directory D:\company-work\agrifarm project\agrifarm-common-service\target\classes\db\changelog
[INFO] Deleting directory D:\company-work\agrifarm project\agrifarm-common-service\target\classes\db
[INFO] Deleting file D:\company-work\agrifarm project\agrifarm-common-service\target\classes\com\agrifarms\common\repository\ServiceOfferingRepository.class
[INFO] Deleting directory D:\company-work\agrifarm project\agrifarm-common-service\target\classes\com\agrifarms\common\repository
[INFO] Deleting file D:\company-work\agrifarm project\agrifarm-common-service\target\classes\com\agrifarms\common\entity\User.class
[INFO] Deleting file D:\company-work\agrifarm project\agrifarm-common-service\target\classes\com\agrifarms\common\entity\ServiceOffering.class
[INFO] Deleting directory D:\company-work\agrifarm project\agrifarm-common-service\target\classes\com\agrifarms\common\entity
[INFO] Deleting directory D:\company-work\agrifarm project\agrifarm-common-service\target\classes\com\agrifarms\common
[INFO] Deleting directory D:\company-work\agrifarm project\agrifarm-common-service\target\classes\com\agrifarms
[INFO] Deleting directory D:\company-work\agrifarm project\agrifarm-common-service\target\classes\com
[INFO] Deleting file D:\company-work\agrifarm project\agrifarm-common-service\target\classes\application.yml
[INFO] Deleting directory D:\company-work\agrifarm project\agrifarm-common-service\target\classes
[INFO] Deleting directory D:\company-work\agrifarm project\agrifarm-common-service\target
[DEBUG] Skipping non-existing directory D:\company-work\agrifarm project\agrifarm-common-service\target\classes
[DEBUG] Skipping non-existing directory D:\company-work\agrifarm project\agrifarm-common-service\target\test-classes
[DEBUG] Skipping non-existing directory D:\company-work\agrifarm project\agrifarm-common-service\target\classes
[INFO] 
[INFO] --- resources:3.3.1:resources (default-resources) @ agri-farms-common-service ---
[DEBUG] Dependency collection stats {ConflictMarker.analyzeTime=41000, ConflictMarker.markTime=20000, ConflictMarker.nodeCount=13, ConflictIdSorter.graphTime=27000, ConflictIdSorter.topsortTime=11200, ConflictIdSorter.conflictIdCount=9, ConflictIdSorter.conflictIdCycleCount=0, ConflictResolver.totalTime=173000, ConflictResolver.conflictItemCount=13, DfDependencyCollector.collectTime=42521900, DfDependencyCollector.transformTime=287600}
[DEBUG] org.apache.maven.plugins:maven-resources-plugin:jar:3.3.1
[DEBUG]    org.codehaus.plexus:plexus-interpolation:jar:1.26:runtime
[DEBUG]    org.codehaus.plexus:plexus-utils:jar:3.5.1:compile
[DEBUG]    org.apache.maven.shared:maven-filtering:jar:3.3.1:compile
[DEBUG]       javax.inject:javax.inject:jar:1:compile
[DEBUG]       org.slf4j:slf4j-api:jar:1.7.36:compile
[DEBUG]       org.sonatype.plexus:plexus-build-api:jar:0.0.7:compile
[DEBUG]    commons-io:commons-io:jar:2.11.0:compile
[DEBUG]    org.apache.commons:commons-lang3:jar:3.12.0:compile
[DEBUG] Created new class realm plugin>org.apache.maven.plugins:maven-resources-plugin:3.3.1
[DEBUG] Importing foreign packages into class realm plugin>org.apache.maven.plugins:maven-resources-plugin:3.3.1
[DEBUG]   Imported:  < maven.api
[DEBUG] Populating class realm plugin>org.apache.maven.plugins:maven-resources-plugin:3.3.1
[DEBUG]   Included: org.apache.maven.plugins:maven-resources-plugin:jar:3.3.1
[DEBUG]   Included: org.codehaus.plexus:plexus-interpolation:jar:1.26
[DEBUG]   Included: org.codehaus.plexus:plexus-utils:jar:3.5.1
[DEBUG]   Included: org.apache.maven.shared:maven-filtering:jar:3.3.1
[DEBUG]   Included: org.sonatype.plexus:plexus-build-api:jar:0.0.7
[DEBUG]   Included: commons-io:commons-io:jar:2.11.0
[DEBUG]   Included: org.apache.commons:commons-lang3:jar:3.12.0
[DEBUG] Loading mojo org.apache.maven.plugins:maven-resources-plugin:3.3.1:resources from plugin realm ClassRealm[plugin>org.apache.maven.plugins:maven-resources-plugin:3.3.1, parent: jdk.internal.loader.ClassLoaders$AppClassLoader@1affbebc]
[DEBUG] Configuring mojo execution 'org.apache.maven.plugins:maven-resources-plugin:3.3.1:resources:default-resources' with basic configurator -->
[DEBUG]   (f) addDefaultExcludes = true
[DEBUG]   (f) buildFilters = []
[DEBUG]   (s) delimiters = [@]
[DEBUG]   (f) encoding = UTF-8
[DEBUG]   (f) escapeWindowsPaths = true
[DEBUG]   (f) fileNameFiltering = false
[DEBUG]   (s) includeEmptyDirs = false
[DEBUG]   (s) outputDirectory = D:\company-work\agrifarm project\agrifarm-common-service\target\classes
[DEBUG]   (s) overwrite = false
[DEBUG]   (f) project = MavenProject: com.agrifarms:agri-farms-common-service:0.0.1-SNAPSHOT @ D:\company-work\agrifarm project\agrifarm-common-service\pom.xml
[DEBUG]   (f) propertiesEncoding = UTF-8
[DEBUG]   (s) resources = [Resource {targetPath: null, filtering: true, FileSet {directory: D:\company-work\agrifarm project\agrifarm-common-service\src\main\resources, PatternSet [includes: {**/application*.yml, **/application*.yaml, **/application*.properties}, excludes: {}]}}, Resource {targetPath: null, filtering: false, FileSet {directory: D:\company-work\agrifarm project\agrifarm-common-service\src\main\resources, PatternSet [includes: {}, excludes: {**/application*.yml, **/application*.yaml, **/application*.properties}]}}]
[DEBUG]   (f) session = org.apache.maven.execution.MavenSession@30364216
[DEBUG]   (f) skip = false
[DEBUG]   (f) supportMultiLineFiltering = false
[DEBUG]   (f) useBuildFilters = true
[DEBUG]   (s) useDefaultDelimiters = false
[DEBUG] -- end configuration --
[DEBUG] properties used:
[DEBUG] activemq.version: 5.18.3
[DEBUG] angus-mail.version: 2.0.2
[DEBUG] artemis.version: 2.31.2
[DEBUG] aspectj.version: 1.9.21
[DEBUG] assertj.version: 3.24.2
[DEBUG] awaitility.version: 4.2.0
[DEBUG] brave.version: 5.16.0
[DEBUG] build-helper-maven-plugin.version: 3.4.0
[DEBUG] byte-buddy.version: 1.14.12
[DEBUG] cache2k.version: 2.6.1.Final
[DEBUG] caffeine.version: 3.1.8
[DEBUG] cassandra-driver.version: 4.17.0
[DEBUG] classmate.version: 1.6.0
[DEBUG] classworlds.conf: C:\Program Files\Apache\Maven\apache-maven-3.9.10\bin\m2.conf
[DEBUG] commons-codec.version: 1.16.1
[DEBUG] commons-dbcp2.version: 2.10.0
[DEBUG] commons-lang3.version: 3.13.0
[DEBUG] commons-pool.version: 1.6
[DEBUG] commons-pool2.version: 2.12.0
[DEBUG] couchbase-client.version: 3.4.11
[DEBUG] crac.version: 1.4.0
[DEBUG] db2-jdbc.version: 11.5.9.0
[DEBUG] dependency-management-plugin.version: 1.1.4
[DEBUG] derby.version: 10.16.1.1
[DEBUG] dropwizard-metrics.version: 4.2.25
[DEBUG] ehcache3.version: 3.10.8
[DEBUG] elasticsearch-client.version: 8.10.4
[DEBUG] env.=D:: D:\company-work\agrifarm project\agrifarm-common-service
[DEBUG] env.=EXITCODE: 00000000
[DEBUG] env.ALLUSERSPROFILE: C:\ProgramData
[DEBUG] env.ANTIGRAVITY_AGENT: 1
[DEBUG] env.ANTIGRAVITY_CLI_ALIAS: agy
[DEBUG] env.APPDATA: C:\Users\Hp\AppData\Roaming
[DEBUG] env.BUNDLED_DEBUGPY_PATH: c:\Users\Hp\.antigravity\extensions\ms-python.debugpy-2025.18.0-win32-x64\bundled\libs\debugpy
[DEBUG] env.CHOCOLATEYINSTALL: C:\ProgramData\chocolatey
[DEBUG] env.CHOCOLATEYLASTPATHUPDATE: 133504922102990817
[DEBUG] env.CHROME_CRASHPAD_PIPE_NAME: \\.\pipe\crashpad_17768_ACDIXNSIZDWCNRHA
[DEBUG] env.CLASSWORLDS_JAR: "C:\Program Files\Apache\Maven\apache-maven-3.9.10\boot\plexus-classworlds-2.9.0.jar"
[DEBUG] env.CLASSWORLDS_LAUNCHER: org.codehaus.plexus.classworlds.launcher.Launcher
[DEBUG] env.COLORTERM: truecolor
[DEBUG] env.COMMONPROGRAMFILES: C:\Program Files\Common Files
[DEBUG] env.COMMONPROGRAMFILES(X86): C:\Program Files (x86)\Common Files
[DEBUG] env.COMMONPROGRAMW6432: C:\Program Files\Common Files
[DEBUG] env.COMPUTERNAME: CHAVEEN
[DEBUG] env.COMSPEC: C:\WINDOWS\system32\cmd.exe
[DEBUG] env.DRIVERDATA: C:\Windows\System32\Drivers\DriverData
[DEBUG] env.EFC_6956: 1
[DEBUG] env.ERROR_CODE: 0
[DEBUG] env.EXEC_DIR: D:\company-work\agrifarm project\agrifarm-common-service
[DEBUG] env.GIT_ASKPASS: c:\Users\Hp\AppData\Local\Programs\Antigravity\resources\app\extensions\git\dist\askpass.sh
[DEBUG] env.GRADLE_HOME: C:\gradle-8.13-all\gradle-8.13
[DEBUG] env.HOMEDRIVE: C:
[DEBUG] env.HOMEPATH: \Users\Hp
[DEBUG] env.JAVACMD: C:\Program Files\Common Files\Oracle\Java\javapath\java.exe
[DEBUG] env.JVMCONFIG: \.mvn\jvm.config
[DEBUG] env.LANG: en_US.UTF-8
[DEBUG] env.LOCALAPPDATA: C:\Users\Hp\AppData\Local
[DEBUG] env.LOGONSERVER: \\CHAVEEN
[DEBUG] env.MAVEN_CMD_LINE_ARGS: clean compile -e -X
[DEBUG] env.MAVEN_HOME: C:\Program Files\Apache\Maven\apache-maven-3.9.10
[DEBUG] env.MAVEN_OPTS: --enable-native-access=ALL-UNNAMED 
[DEBUG] env.MAVEN_PROJECTBASEDIR: D:\company-work\agrifarm project\agrifarm-common-service
[DEBUG] env.NIEXTCCOMPILERSUPP: C:\Program Files (x86)\National Instruments\Shared\ExternalCompilerSupport\C\
[DEBUG] env.NUMBER_OF_PROCESSORS: 8
[DEBUG] env.ONEDRIVE: C:\Users\Hp\OneDrive
[DEBUG] env.ONEDRIVECONSUMER: C:\Users\Hp\OneDrive
[DEBUG] env.OS: Windows_NT
[DEBUG] env.PAGER: cat
[DEBUG] env.PATH: C:\Program Files\Common Files\Oracle\Java\javapath;C:\Python312\Scripts\;C:\Python312\;C:\WINDOWS\system32;C:\WINDOWS;C:\WINDOWS\System32\Wbem;C:\WINDOWS\System32\WindowsPowerShell\v1.0\;C:\WINDOWS\System32\OpenSSH\;C:\ProgramData\chocolatey\bin;C:\Program Files\PuTTY\;C:\flutter_windows_3.29.1-stable\flutter\bin;C:\gradle-8.13-all\gradle-8.13\bin;C:\OpenJDK21U-jdk_x64_windows_hotspot_21.0.6_7.msi;%JAVA_HOME%\bin;C:\Android\Sdk\cmdline-tools\latest\bin;C:\Android\Sdk\platform-tools;C:\Android\Sdk\emulator;C:\Program Files\Git\cmd;C:\Users\Hp\AppData\Local\Android\sdk\platform-tools;C:\Program Files\Apache\Maven\apache-maven-3.9.10\bin;C:\Program Files\nodejs\;C:\Program Files\cursor\resources\app\bin;C:\Users\Hp\AppData\Local\Programs\Python\Python310\Scripts\;C:\Users\Hp\AppData\Local\Programs\Python\Python310\;C:\Users\Hp\AppData\Local\Microsoft\WindowsApps;C:\PyCharm Community Edition 2022.2.1\bin;;C:\src\flutter\bin;C:\Users\Hp\AppData\Roaming\npm;C:\Users\Hp\AppData\Local\Programs\Microsoft VS Code\bin;C:\Users\Hp\AppData\Local\Programs\Antigravity\bin;c:\Users\Hp\.antigravity\extensions\ms-python.debugpy-2025.18.0-win32-x64\bundled\scripts\noConfigScripts
[DEBUG] env.PATHEXT: .COM;.EXE;.BAT;.CMD;.VBS;.VBE;.JS;.JSE;.WSF;.WSH;.MSC;.PY;.PYW;.CPL
[DEBUG] env.PROCESSOR_ARCHITECTURE: AMD64
[DEBUG] env.PROCESSOR_IDENTIFIER: Intel64 Family 6 Model 142 Stepping 12, GenuineIntel
[DEBUG] env.PROCESSOR_LEVEL: 6
[DEBUG] env.PROCESSOR_REVISION: 8e0c
[DEBUG] env.PROGRAMDATA: C:\ProgramData
[DEBUG] env.PROGRAMFILES: C:\Program Files
[DEBUG] env.PROGRAMFILES(X86): C:\Program Files (x86)
[DEBUG] env.PROGRAMW6432: C:\Program Files
[DEBUG] env.PROMPT: $P$G
[DEBUG] env.PSMODULEPATH: C:\Users\Hp\OneDrive\Documents\WindowsPowerShell\Modules;C:\Program Files\WindowsPowerShell\Modules;C:\WINDOWS\system32\WindowsPowerShell\v1.0\Modules
[DEBUG] env.PUBLIC: C:\Users\Public
[DEBUG] env.PYCHARM COMMUNITY EDITION: C:\PyCharm Community Edition 2022.2.1\bin;
[DEBUG] env.PYDEVD_DISABLE_FILE_VALIDATION: 1
[DEBUG] env.PYTHONSTARTUP: c:\Users\Hp\AppData\Roaming\Antigravity\User\workspaceStorage\fb783d976871c165d5e36bfd48a50007\ms-python.python\pythonrc.py
[DEBUG] env.PYTHON_BASIC_REPL: 1
[DEBUG] env.SESSIONNAME: Console
[DEBUG] env.SYSTEMDRIVE: C:
[DEBUG] env.SYSTEMROOT: C:\WINDOWS
[DEBUG] env.TEMP: C:\Users\Hp\AppData\Local\Temp
[DEBUG] env.TERM_PROGRAM: vscode
[DEBUG] env.TERM_PROGRAM_VERSION: 1.107.0
[DEBUG] env.TMP: C:\Users\Hp\AppData\Local\Temp
[DEBUG] env.USERDOMAIN: CHAVEEN
[DEBUG] env.USERDOMAIN_ROAMINGPROFILE: CHAVEEN
[DEBUG] env.USERNAME: Hp
[DEBUG] env.USERPROFILE: C:\Users\Hp
[DEBUG] env.VSCODE_DEBUGPY_ADAPTER_ENDPOINTS: c:\Users\Hp\.antigravity\extensions\ms-python.debugpy-2025.18.0-win32-x64\.noConfigDebugAdapterEndpoints\endpoint-269f03510452daa8.txt
[DEBUG] env.VSCODE_GIT_ASKPASS_EXTRA_ARGS: 
[DEBUG] env.VSCODE_GIT_ASKPASS_MAIN: c:\Users\Hp\AppData\Local\Programs\Antigravity\resources\app\extensions\git\dist\askpass-main.js
[DEBUG] env.VSCODE_GIT_ASKPASS_NODE: C:\Users\Hp\AppData\Local\Programs\Antigravity\Antigravity.exe
[DEBUG] env.VSCODE_GIT_IPC_HANDLE: \\.\pipe\vscode-git-30e2d04d17-sock
[DEBUG] env.VSCODE_INJECTION: 1
[DEBUG] env.VSCODE_JDWP_ADAPTER_ENDPOINTS: c:\Users\Hp\.antigravity\extensions\vscjava.vscode-java-debug-0.58.5-universal\.noConfigDebugAdapterEndpoints\endpoint-269f03510452daa8.txt
[DEBUG] env.VSCODE_PYTHON_AUTOACTIVATE_GUARD: 1
[DEBUG] env.WDIR: D:\
[DEBUG] env.WINDIR: C:\WINDOWS
[DEBUG] env.__PSLOCKDOWNPOLICY: 0
[DEBUG] file.encoding: UTF-8
[DEBUG] file.separator: \
[DEBUG] flyway.version: 9.22.3
[DEBUG] freemarker.version: 2.3.32
[DEBUG] git-commit-id-maven-plugin.version: 6.0.0
[DEBUG] glassfish-jaxb.version: 4.0.4
[DEBUG] glassfish-jstl.version: 3.0.1
[DEBUG] graphql-java.version: 21.3
[DEBUG] groovy.version: 4.0.18
[DEBUG] gson.version: 2.10.1
[DEBUG] h2.version: 2.2.224
[DEBUG] hamcrest.version: 2.2
[DEBUG] hazelcast.version: 5.3.6
[DEBUG] hibernate-validator.version: 8.0.1.Final
[DEBUG] hibernate.version: 6.4.4.Final
[DEBUG] hikaricp.version: 5.0.1
[DEBUG] hsqldb.version: 2.7.2
[DEBUG] htmlunit.version: 2.70.0
[DEBUG] httpasyncclient.version: 4.1.5
[DEBUG] httpclient5.version: 5.2.3
[DEBUG] httpcore.version: 4.4.16
[DEBUG] httpcore5.version: 5.2.4
[DEBUG] infinispan.version: 14.0.24.Final
[DEBUG] influxdb-java.version: 2.23
[DEBUG] jackson-bom.version: 2.15.4
[DEBUG] jakarta-activation.version: 2.1.2
[DEBUG] jakarta-annotation.version: 2.1.1
[DEBUG] jakarta-jms.version: 3.1.0
[DEBUG] jakarta-json-bind.version: 3.0.0
[DEBUG] jakarta-json.version: 2.1.3
[DEBUG] jakarta-mail.version: 2.1.2
[DEBUG] jakarta-management.version: 1.1.4
[DEBUG] jakarta-persistence.version: 3.1.0
[DEBUG] jakarta-servlet-jsp-jstl.version: 3.0.0
[DEBUG] jakarta-servlet.version: 6.0.0
[DEBUG] jakarta-transaction.version: 2.0.1
[DEBUG] jakarta-validation.version: 3.0.2
[DEBUG] jakarta-websocket.version: 2.1.1
[DEBUG] jakarta-ws-rs.version: 3.1.0
[DEBUG] jakarta-xml-bind.version: 4.0.1
[DEBUG] jakarta-xml-soap.version: 3.0.1
[DEBUG] jakarta-xml-ws.version: 4.0.1
[DEBUG] janino.version: 3.1.12
[DEBUG] java.class.path: C:\Program Files\Apache\Maven\apache-maven-3.9.10\boot\plexus-classworlds-2.9.0.jar
[DEBUG] java.class.version: 69.0
[DEBUG] java.home: C:\Program Files\Java\jdk-25
[DEBUG] java.io.tmpdir: C:\Users\Hp\AppData\Local\Temp\
[DEBUG] java.library.path: C:\Program Files\Java\jdk-25\bin;C:\WINDOWS\Sun\Java\bin;C:\WINDOWS\system32;C:\WINDOWS;C:\Program Files\Common Files\Oracle\Java\javapath;C:\Python312\Scripts\;C:\Python312\;C:\WINDOWS\system32;C:\WINDOWS;C:\WINDOWS\System32\Wbem;C:\WINDOWS\System32\WindowsPowerShell\v1.0\;C:\WINDOWS\System32\OpenSSH\;C:\ProgramData\chocolatey\bin;C:\Program Files\PuTTY\;C:\flutter_windows_3.29.1-stable\flutter\bin;C:\gradle-8.13-all\gradle-8.13\bin;C:\OpenJDK21U-jdk_x64_windows_hotspot_21.0.6_7.msi;%JAVA_HOME%\bin;C:\Android\Sdk\cmdline-tools\latest\bin;C:\Android\Sdk\platform-tools;C:\Android\Sdk\emulator;C:\Program Files\Git\cmd;C:\Users\Hp\AppData\Local\Android\sdk\platform-tools;C:\Program Files\Apache\Maven\apache-maven-3.9.10\bin;C:\Program Files\nodejs\;C:\Program Files\cursor\resources\app\bin;C:\Users\Hp\AppData\Local\Programs\Python\Python310\Scripts\;C:\Users\Hp\AppData\Local\Programs\Python\Python310\;C:\Users\Hp\AppData\Local\Microsoft\WindowsApps;C:\PyCharm Community Edition 2022.2.1\bin;;C:\src\flutter\bin;C:\Users\Hp\AppData\Roaming\npm;C:\Users\Hp\AppData\Local\Programs\Microsoft VS Code\bin;C:\Users\Hp\AppData\Local\Programs\Antigravity\bin;c:\Users\Hp\.antigravity\extensions\ms-python.debugpy-2025.18.0-win32-x64\bundled\scripts\noConfigScripts;.
[DEBUG] java.runtime.name: Java(TM) SE Runtime Environment
[DEBUG] java.runtime.version: 25.0.1+8-LTS-27
[DEBUG] java.specification.name: Java Platform API Specification
[DEBUG] java.specification.vendor: Oracle Corporation
[DEBUG] java.specification.version: 25
[DEBUG] java.vendor: Oracle Corporation
[DEBUG] java.vendor.url: https://java.oracle.com/
[DEBUG] java.vendor.url.bug: https://bugreport.java.com/bugreport/
[DEBUG] java.version: 25.0.1
[DEBUG] java.version.date: 2025-10-21
[DEBUG] java.vm.compressedOopsMode: 32-bit
[DEBUG] java.vm.info: mixed mode, sharing
[DEBUG] java.vm.name: Java HotSpot(TM) 64-Bit Server VM
[DEBUG] java.vm.specification.name: Java Virtual Machine Specification
[DEBUG] java.vm.specification.vendor: Oracle Corporation
[DEBUG] java.vm.specification.version: 25
[DEBUG] java.vm.vendor: Oracle Corporation
[DEBUG] java.vm.version: 25.0.1+8-LTS-27
[DEBUG] javax-cache.version: 1.1.1
[DEBUG] javax-money.version: 1.1
[DEBUG] jaxen.version: 2.0.0
[DEBUG] jaybird.version: 5.0.3.java11
[DEBUG] jboss-logging.version: 3.5.3.Final
[DEBUG] jdk.debug: release
[DEBUG] jdom2.version: 2.0.6.1
[DEBUG] jedis.version: 5.0.2
[DEBUG] jersey.version: 3.1.5
[DEBUG] jetty-reactive-httpclient.version: 4.0.3
[DEBUG] jetty.version: 12.0.6
[DEBUG] jmustache.version: 1.15
[DEBUG] jooq.version: 3.18.11
[DEBUG] json-path.version: 2.9.0
[DEBUG] json-smart.version: 2.5.0
[DEBUG] jsonassert.version: 1.5.1
[DEBUG] jtds.version: 1.3.1
[DEBUG] junit-jupiter.version: 5.10.2
[DEBUG] junit.version: 4.13.2
[DEBUG] kafka.version: 3.6.1
[DEBUG] kotlin-coroutines.version: 1.7.3
[DEBUG] kotlin-serialization.version: 1.6.3
[DEBUG] kotlin.version: 1.9.22
[DEBUG] lettuce.version: 6.3.1.RELEASE
[DEBUG] library.jansi.path: C:\Program Files\Apache\Maven\apache-maven-3.9.10\lib\jansi-native
[DEBUG] line.separator: 

[DEBUG] liquibase.version: 4.24.0
[DEBUG] log4j2.version: 2.21.1
[DEBUG] logback.version: 1.4.14
[DEBUG] lombok.version: 1.18.30
[DEBUG] mariadb.version: 3.3.3
[DEBUG] maven-antrun-plugin.version: 3.1.0
[DEBUG] maven-assembly-plugin.version: 3.6.0
[DEBUG] maven-clean-plugin.version: 3.3.2
[DEBUG] maven-compiler-plugin.version: 3.11.0
[DEBUG] maven-dependency-plugin.version: 3.6.1
[DEBUG] maven-deploy-plugin.version: 3.1.1
[DEBUG] maven-enforcer-plugin.version: 3.4.1
[DEBUG] maven-failsafe-plugin.version: 3.1.2
[DEBUG] maven-help-plugin.version: 3.4.0
[DEBUG] maven-install-plugin.version: 3.1.1
[DEBUG] maven-invoker-plugin.version: 3.6.0
[DEBUG] maven-jar-plugin.version: 3.3.0
[DEBUG] maven-javadoc-plugin.version: 3.6.3
[DEBUG] maven-resources-plugin.version: 3.3.1
[DEBUG] maven-shade-plugin.version: 3.5.2
[DEBUG] maven-source-plugin.version: 3.3.0
[DEBUG] maven-surefire-plugin.version: 3.1.2
[DEBUG] maven-war-plugin.version: 3.4.0
[DEBUG] maven.build.timestamp: 2026-02-20T13:35:41Z
[DEBUG] maven.build.version: Apache Maven 3.9.10 (5f519b97e944483d878815739f519b2eade0a91d)
[DEBUG] maven.compiler.release: 17
[DEBUG] maven.conf: C:\Program Files\Apache\Maven\apache-maven-3.9.10/conf
[DEBUG] maven.home: C:\Program Files\Apache\Maven\apache-maven-3.9.10
[DEBUG] maven.multiModuleProjectDirectory: D:\company-work\agrifarm project\agrifarm-common-service
[DEBUG] maven.version: 3.9.10
[DEBUG] micrometer-tracing.version: 1.2.3
[DEBUG] micrometer.version: 1.12.3
[DEBUG] mockito.version: 5.7.0
[DEBUG] mongodb.version: 4.11.1
[DEBUG] mssql-jdbc.version: 12.4.2.jre11
[DEBUG] mysql.version: 8.3.0
[DEBUG] native-build-tools-plugin.version: 0.9.28
[DEBUG] native.encoding: Cp1252
[DEBUG] nekohtml.version: 1.9.22
[DEBUG] neo4j-java-driver.version: 5.17.0
[DEBUG] netty.version: 4.1.107.Final
[DEBUG] okhttp.version: 4.12.0
[DEBUG] opentelemetry.version: 1.31.0
[DEBUG] oracle-database.version: 21.9.0.0
[DEBUG] oracle-r2dbc.version: 1.1.1
[DEBUG] os.arch: amd64
[DEBUG] os.name: Windows 11
[DEBUG] os.version: 10.0
[DEBUG] path.separator: ;
[DEBUG] pooled-jms.version: 3.1.5
[DEBUG] postgresql.version: 42.6.1
[DEBUG] project.baseUri: file:/D:/company-work/agrifarm%20project/agrifarm-common-service/
[DEBUG] project.build.sourceEncoding: UTF-8
[DEBUG] project.reporting.outputEncoding: UTF-8
[DEBUG] prometheus-client.version: 0.16.0
[DEBUG] pulsar-reactive.version: 0.5.3
[DEBUG] pulsar.version: 3.1.2
[DEBUG] quartz.version: 2.3.2
[DEBUG] querydsl.version: 5.0.0
[DEBUG] r2dbc-h2.version: 1.0.0.RELEASE
[DEBUG] r2dbc-mariadb.version: 1.1.4
[DEBUG] r2dbc-mssql.version: 1.0.2.RELEASE
[DEBUG] r2dbc-mysql.version: 1.0.6
[DEBUG] r2dbc-pool.version: 1.0.1.RELEASE
[DEBUG] r2dbc-postgresql.version: 1.0.4.RELEASE
[DEBUG] r2dbc-proxy.version: 1.1.4.RELEASE
[DEBUG] r2dbc-spi.version: 1.0.0.RELEASE
[DEBUG] rabbit-amqp-client.version: 5.19.0
[DEBUG] rabbit-stream-client.version: 0.14.0
[DEBUG] reactive-streams.version: 1.0.4
[DEBUG] reactor-bom.version: 2023.0.3
[DEBUG] resource.delimiter: @
[DEBUG] rest-assured.version: 5.3.2
[DEBUG] rsocket.version: 1.1.3
[DEBUG] rxjava3.version: 3.1.8
[DEBUG] saaj-impl.version: 3.0.3
[DEBUG] selenium-htmlunit.version: 4.13.0
[DEBUG] selenium.version: 4.14.1
[DEBUG] sendgrid.version: 4.9.3
[DEBUG] slf4j.version: 2.0.12
[DEBUG] snakeyaml.version: 2.2
[DEBUG] spring-amqp.version: 3.1.2
[DEBUG] spring-authorization-server.version: 1.2.2
[DEBUG] spring-batch.version: 5.1.1
[DEBUG] spring-data-bom.version: 2023.1.3
[DEBUG] spring-framework.version: 6.1.4
[DEBUG] spring-graphql.version: 1.2.5
[DEBUG] spring-hateoas.version: 2.2.0
[DEBUG] spring-integration.version: 6.2.2
[DEBUG] spring-kafka.version: 3.1.2
[DEBUG] spring-ldap.version: 3.2.2
[DEBUG] spring-pulsar.version: 1.0.3
[DEBUG] spring-restdocs.version: 3.0.1
[DEBUG] spring-retry.version: 2.0.5
[DEBUG] spring-security.version: 6.2.2
[DEBUG] spring-session.version: 3.2.1
[DEBUG] spring-ws.version: 4.0.10
[DEBUG] sqlite-jdbc.version: 3.43.2.0
[DEBUG] stderr.encoding: cp437
[DEBUG] stdin.encoding: cp437
[DEBUG] stdout.encoding: Cp1252
[DEBUG] sun.arch.data.model: 64
[DEBUG] sun.boot.library.path: C:\Program Files\Java\jdk-25\bin
[DEBUG] sun.cpu.endian: little
[DEBUG] sun.cpu.isalist: amd64
[DEBUG] sun.io.unicode.encoding: UnicodeLittle
[DEBUG] sun.java.command: org.codehaus.plexus.classworlds.launcher.Launcher clean compile -e -X
[DEBUG] sun.java.launcher: SUN_STANDARD
[DEBUG] sun.jnu.encoding: Cp1252
[DEBUG] sun.management.compiler: HotSpot 64-Bit Tiered Compilers
[DEBUG] sun.os.patch.level: 
[DEBUG] testcontainers.version: 1.19.5
[DEBUG] thymeleaf-extras-data-attribute.version: 2.0.1
[DEBUG] thymeleaf-extras-springsecurity.version: 3.1.2.RELEASE
[DEBUG] thymeleaf-layout-dialect.version: 3.3.0
[DEBUG] thymeleaf.version: 3.1.2.RELEASE
[DEBUG] tomcat.version: 10.1.19
[DEBUG] unboundid-ldapsdk.version: 6.0.11
[DEBUG] undertow.version: 2.3.12.Final
[DEBUG] user.country: IN
[DEBUG] user.dir: D:\company-work\agrifarm project\agrifarm-common-service
[DEBUG] user.home: C:\Users\Hp
[DEBUG] user.language: en
[DEBUG] user.name: Hp
[DEBUG] user.script: 
[DEBUG] user.variant: 
[DEBUG] versions-maven-plugin.version: 2.16.2
[DEBUG] webjars-locator-core.version: 0.55
[DEBUG] wsdl4j.version: 1.6.3
[DEBUG] xml-maven-plugin.version: 1.1.0
[DEBUG] xmlunit2.version: 2.9.1
[DEBUG] yasson.version: 3.0.3
[DEBUG] Using 'UTF-8' encoding to copy filtered resources.
[DEBUG] Using 'UTF-8' encoding to copy filtered properties files.
[DEBUG] resource with targetPath null
directory D:\company-work\agrifarm project\agrifarm-common-service\src\main\resources
excludes []
includes [**/application*.yml, **/application*.yaml, **/application*.properties]
[DEBUG] ignoreDelta true
[INFO] Copying 1 resource from src\main\resources to target\classes
[DEBUG] Copying file application.yml
[DEBUG] file application.yml has a filtered file extension
[DEBUG] Using 'UTF-8' encoding to copy filtered resource 'application.yml'.
[DEBUG] filtering D:\company-work\agrifarm project\agrifarm-common-service\src\main\resources\application.yml to D:\company-work\agrifarm project\agrifarm-common-service\target\classes\application.yml
[DEBUG] resource with targetPath null
directory D:\company-work\agrifarm project\agrifarm-common-service\src\main\resources
excludes [**/application*.yml, **/application*.yaml, **/application*.properties]
includes []
[DEBUG] ignoreDelta true
[INFO] Copying 2 resources from src\main\resources to target\classes
[DEBUG] Copying file db\changelog\db.changelog-agri.sql
[DEBUG] file db.changelog-agri.sql has a filtered file extension
[DEBUG] Using 'UTF-8' encoding to copy filtered resource 'db.changelog-agri.sql'.
[DEBUG] copy D:\company-work\agrifarm project\agrifarm-common-service\src\main\resources\db\changelog\db.changelog-agri.sql to D:\company-work\agrifarm project\agrifarm-common-service\target\classes\db\changelog\db.changelog-agri.sql
[DEBUG] Copying file db\changelog\db.changelog-master.yaml
[DEBUG] file db.changelog-master.yaml has a filtered file extension
[DEBUG] Using 'UTF-8' encoding to copy filtered resource 'db.changelog-master.yaml'.
[DEBUG] copy D:\company-work\agrifarm project\agrifarm-common-service\src\main\resources\db\changelog\db.changelog-master.yaml to D:\company-work\agrifarm project\agrifarm-common-service\target\classes\db\changelog\db.changelog-master.yaml
[DEBUG] no user filter components
[INFO] 
[INFO] --- compiler:3.11.0:compile (default-compile) @ agri-farms-common-service ---
[DEBUG] Using mirror maven-default-http-blocker (http://0.0.0.0/) for apache.snapshots (http://repository.apache.org/snapshots).
[DEBUG] Dependency collection stats {ConflictMarker.analyzeTime=43000, ConflictMarker.markTime=26300, ConflictMarker.nodeCount=17, ConflictIdSorter.graphTime=19600, ConflictIdSorter.topsortTime=13700, ConflictIdSorter.conflictIdCount=12, ConflictIdSorter.conflictIdCycleCount=0, ConflictResolver.totalTime=177000, ConflictResolver.conflictItemCount=17, DfDependencyCollector.collectTime=167985300, DfDependencyCollector.transformTime=295800}
[DEBUG] org.apache.maven.plugins:maven-compiler-plugin:jar:3.11.0
[DEBUG]    org.apache.maven.shared:maven-shared-utils:jar:3.3.4:compile
[DEBUG]       commons-io:commons-io:jar:2.6:compile
[DEBUG]    org.apache.maven.shared:maven-shared-incremental:jar:1.1:compile
[DEBUG]       org.codehaus.plexus:plexus-component-annotations:jar:1.5.5:compile
[DEBUG]    org.codehaus.plexus:plexus-java:jar:1.1.2:compile
[DEBUG]       org.ow2.asm:asm:jar:9.4:compile
[DEBUG]       com.thoughtworks.qdox:qdox:jar:2.0.3:compile (version managed from default)
[DEBUG]    org.codehaus.plexus:plexus-compiler-api:jar:2.13.0:compile
[DEBUG]       org.codehaus.plexus:plexus-utils:jar:3.5.0:compile (version managed from default)
[DEBUG]    org.codehaus.plexus:plexus-compiler-manager:jar:2.13.0:compile
[DEBUG]    org.codehaus.plexus:plexus-compiler-javac:jar:2.13.0:runtime
[DEBUG] Created new class realm plugin>org.apache.maven.plugins:maven-compiler-plugin:3.11.0
[DEBUG] Importing foreign packages into class realm plugin>org.apache.maven.plugins:maven-compiler-plugin:3.11.0
[DEBUG]   Imported:  < maven.api
[DEBUG] Populating class realm plugin>org.apache.maven.plugins:maven-compiler-plugin:3.11.0
[DEBUG]   Included: org.apache.maven.plugins:maven-compiler-plugin:jar:3.11.0
[DEBUG]   Included: org.apache.maven.shared:maven-shared-utils:jar:3.3.4
[DEBUG]   Included: commons-io:commons-io:jar:2.6
[DEBUG]   Included: org.apache.maven.shared:maven-shared-incremental:jar:1.1
[DEBUG]   Included: org.codehaus.plexus:plexus-component-annotations:jar:1.5.5
[DEBUG]   Included: org.codehaus.plexus:plexus-java:jar:1.1.2
[DEBUG]   Included: org.ow2.asm:asm:jar:9.4
[DEBUG]   Included: com.thoughtworks.qdox:qdox:jar:2.0.3
[DEBUG]   Included: org.codehaus.plexus:plexus-compiler-api:jar:2.13.0
[DEBUG]   Included: org.codehaus.plexus:plexus-utils:jar:3.5.0
[DEBUG]   Included: org.codehaus.plexus:plexus-compiler-manager:jar:2.13.0
[DEBUG]   Included: org.codehaus.plexus:plexus-compiler-javac:jar:2.13.0
[DEBUG] Loading mojo org.apache.maven.plugins:maven-compiler-plugin:3.11.0:compile from plugin realm ClassRealm[plugin>org.apache.maven.plugins:maven-compiler-plugin:3.11.0, parent: jdk.internal.loader.ClassLoaders$AppClassLoader@1affbebc]
[DEBUG] Configuring mojo execution 'org.apache.maven.plugins:maven-compiler-plugin:3.11.0:compile:default-compile' with basic configurator -->
[DEBUG]   (f) basedir = D:\company-work\agrifarm project\agrifarm-common-service
[DEBUG]   (f) buildDirectory = D:\company-work\agrifarm project\agrifarm-common-service\target
[DEBUG]   (f) compilePath = [D:\company-work\agrifarm project\agrifarm-common-service\target\classes, C:\Users\Hp\.m2\repository\org\springframework\boot\spring-boot-starter-web\3.2.3\spring-boot-starter-web-3.2.3.jar, C:\Users\Hp\.m2\repository\org\springframework\boot\spring-boot-starter\3.2.3\spring-boot-starter-3.2.3.jar, C:\Users\Hp\.m2\repository\org\springframework\boot\spring-boot-starter-logging\3.2.3\spring-boot-starter-logging-3.2.3.jar, C:\Users\Hp\.m2\repository\ch\qos\logback\logback-classic\1.4.14\logback-classic-1.4.14.jar, C:\Users\Hp\.m2\repository\ch\qos\logback\logback-core\1.4.14\logback-core-1.4.14.jar, C:\Users\Hp\.m2\repository\org\apache\logging\log4j\log4j-to-slf4j\2.21.1\log4j-to-slf4j-2.21.1.jar, C:\Users\Hp\.m2\repository\org\apache\logging\log4j\log4j-api\2.21.1\log4j-api-2.21.1.jar, C:\Users\Hp\.m2\repository\org\slf4j\jul-to-slf4j\2.0.12\jul-to-slf4j-2.0.12.jar, C:\Users\Hp\.m2\repository\jakarta\annotation\jakarta.annotation-api\2.1.1\jakarta.annotation-api-2.1.1.jar, C:\Users\Hp\.m2\repository\org\springframework\boot\spring-boot-starter-json\3.2.3\spring-boot-starter-json-3.2.3.jar, C:\Users\Hp\.m2\repository\com\fasterxml\jackson\core\jackson-databind\2.15.4\jackson-databind-2.15.4.jar, C:\Users\Hp\.m2\repository\com\fasterxml\jackson\core\jackson-annotations\2.15.4\jackson-annotations-2.15.4.jar, C:\Users\Hp\.m2\repository\com\fasterxml\jackson\core\jackson-core\2.15.4\jackson-core-2.15.4.jar, C:\Users\Hp\.m2\repository\com\fasterxml\jackson\datatype\jackson-datatype-jdk8\2.15.4\jackson-datatype-jdk8-2.15.4.jar, C:\Users\Hp\.m2\repository\com\fasterxml\jackson\datatype\jackson-datatype-jsr310\2.15.4\jackson-datatype-jsr310-2.15.4.jar, C:\Users\Hp\.m2\repository\com\fasterxml\jackson\module\jackson-module-parameter-names\2.15.4\jackson-module-parameter-names-2.15.4.jar, C:\Users\Hp\.m2\repository\org\springframework\boot\spring-boot-starter-tomcat\3.2.3\spring-boot-starter-tomcat-3.2.3.jar, C:\Users\Hp\.m2\repository\org\apache\tomcat\embed\tomcat-embed-core\10.1.19\tomcat-embed-core-10.1.19.jar, C:\Users\Hp\.m2\repository\org\apache\tomcat\embed\tomcat-embed-el\10.1.19\tomcat-embed-el-10.1.19.jar, C:\Users\Hp\.m2\repository\org\apache\tomcat\embed\tomcat-embed-websocket\10.1.19\tomcat-embed-websocket-10.1.19.jar, C:\Users\Hp\.m2\repository\org\springframework\spring-web\6.1.4\spring-web-6.1.4.jar, C:\Users\Hp\.m2\repository\org\springframework\spring-beans\6.1.4\spring-beans-6.1.4.jar, C:\Users\Hp\.m2\repository\io\micrometer\micrometer-observation\1.12.3\micrometer-observation-1.12.3.jar, C:\Users\Hp\.m2\repository\io\micrometer\micrometer-commons\1.12.3\micrometer-commons-1.12.3.jar, C:\Users\Hp\.m2\repository\org\springframework\spring-webmvc\6.1.4\spring-webmvc-6.1.4.jar, C:\Users\Hp\.m2\repository\org\springframework\spring-aop\6.1.4\spring-aop-6.1.4.jar, C:\Users\Hp\.m2\repository\org\springframework\spring-context\6.1.4\spring-context-6.1.4.jar, C:\Users\Hp\.m2\repository\org\springframework\spring-expression\6.1.4\spring-expression-6.1.4.jar, C:\Users\Hp\.m2\repository\org\springframework\boot\spring-boot\3.2.3\spring-boot-3.2.3.jar, C:\Users\Hp\.m2\repository\org\springframework\boot\spring-boot-autoconfigure\3.2.3\spring-boot-autoconfigure-3.2.3.jar, C:\Users\Hp\.m2\repository\org\projectlombok\lombok\1.18.30\lombok-1.18.30.jar, C:\Users\Hp\.m2\repository\org\springframework\boot\spring-boot-starter-data-jpa\3.2.3\spring-boot-starter-data-jpa-3.2.3.jar, C:\Users\Hp\.m2\repository\org\springframework\boot\spring-boot-starter-aop\3.2.3\spring-boot-starter-aop-3.2.3.jar, C:\Users\Hp\.m2\repository\org\aspectj\aspectjweaver\1.9.21\aspectjweaver-1.9.21.jar, C:\Users\Hp\.m2\repository\org\springframework\boot\spring-boot-starter-jdbc\3.2.3\spring-boot-starter-jdbc-3.2.3.jar, C:\Users\Hp\.m2\repository\com\zaxxer\HikariCP\5.0.1\HikariCP-5.0.1.jar, C:\Users\Hp\.m2\repository\org\springframework\spring-jdbc\6.1.4\spring-jdbc-6.1.4.jar, C:\Users\Hp\.m2\repository\org\hibernate\orm\hibernate-core\6.4.4.Final\hibernate-core-6.4.4.Final.jar, C:\Users\Hp\.m2\repository\jakarta\persistence\jakarta.persistence-api\3.1.0\jakarta.persistence-api-3.1.0.jar, C:\Users\Hp\.m2\repository\jakarta\transaction\jakarta.transaction-api\2.0.1\jakarta.transaction-api-2.0.1.jar, C:\Users\Hp\.m2\repository\org\antlr\antlr4-runtime\4.13.0\antlr4-runtime-4.13.0.jar, C:\Users\Hp\.m2\repository\org\springframework\data\spring-data-jpa\3.2.3\spring-data-jpa-3.2.3.jar, C:\Users\Hp\.m2\repository\org\springframework\data\spring-data-commons\3.2.3\spring-data-commons-3.2.3.jar, C:\Users\Hp\.m2\repository\org\springframework\spring-orm\6.1.4\spring-orm-6.1.4.jar, C:\Users\Hp\.m2\repository\org\springframework\spring-tx\6.1.4\spring-tx-6.1.4.jar, C:\Users\Hp\.m2\repository\org\slf4j\slf4j-api\2.0.12\slf4j-api-2.0.12.jar, C:\Users\Hp\.m2\repository\org\springframework\spring-aspects\6.1.4\spring-aspects-6.1.4.jar, C:\Users\Hp\.m2\repository\org\liquibase\liquibase-core\4.24.0\liquibase-core-4.24.0.jar, C:\Users\Hp\.m2\repository\com\opencsv\opencsv\5.8\opencsv-5.8.jar, C:\Users\Hp\.m2\repository\org\apache\commons\commons-lang3\3.13.0\commons-lang3-3.13.0.jar, C:\Users\Hp\.m2\repository\org\apache\commons\commons-text\1.10.0\commons-text-1.10.0.jar, C:\Users\Hp\.m2\repository\org\apache\commons\commons-collections4\4.4\commons-collections4-4.4.jar, C:\Users\Hp\.m2\repository\org\yaml\snakeyaml\2.2\snakeyaml-2.2.jar, C:\Users\Hp\.m2\repository\javax\xml\bind\jaxb-api\2.3.1\jaxb-api-2.3.1.jar, C:\Users\Hp\.m2\repository\org\springframework\spring-core\6.1.4\spring-core-6.1.4.jar, C:\Users\Hp\.m2\repository\org\springframework\spring-jcl\6.1.4\spring-jcl-6.1.4.jar]
[DEBUG]   (f) compileSourceRoots = [D:\company-work\agrifarm project\agrifarm-common-service\src\main\java]
[DEBUG]   (f) compilerId = javac
[DEBUG]   (f) createMissingPackageInfoClass = true
[DEBUG]   (f) debug = true
[DEBUG]   (f) debugFileName = javac
[DEBUG]   (f) enablePreview = false
[DEBUG]   (f) encoding = UTF-8
[DEBUG]   (f) failOnError = true
[DEBUG]   (f) failOnWarning = false
[DEBUG]   (f) forceJavacCompilerUse = false
[DEBUG]   (f) fork = false
[DEBUG]   (f) generatedSourcesDirectory = D:\company-work\agrifarm project\agrifarm-common-service\target\generated-sources\annotations
[DEBUG]   (f) mojoExecution = org.apache.maven.plugins:maven-compiler-plugin:3.11.0:compile {execution: default-compile}
[DEBUG]   (f) optimize = false
[DEBUG]   (f) outputDirectory = D:\company-work\agrifarm project\agrifarm-common-service\target\classes
[DEBUG]   (f) parameters = true
[DEBUG]   (f) project = MavenProject: com.agrifarms:agri-farms-common-service:0.0.1-SNAPSHOT @ D:\company-work\agrifarm project\agrifarm-common-service\pom.xml
[DEBUG]   (f) projectArtifact = com.agrifarms:agri-farms-common-service:jar:0.0.1-SNAPSHOT
[DEBUG]   (s) release = 17
[DEBUG]   (f) session = org.apache.maven.execution.MavenSession@30364216
[DEBUG]   (f) showCompilationChanges = false
[DEBUG]   (f) showDeprecation = false
[DEBUG]   (f) showWarnings = true
[DEBUG]   (f) skipMultiThreadWarning = false
[DEBUG]   (f) source = 1.8
[DEBUG]   (f) staleMillis = 0
[DEBUG]   (s) target = 1.8
[DEBUG]   (f) useIncrementalCompilation = true
[DEBUG]   (f) verbose = false
[DEBUG] -- end configuration --
[DEBUG] Using compiler 'javac'.
[DEBUG] Adding D:\company-work\agrifarm project\agrifarm-common-service\target\generated-sources\annotations to compile source roots:
  D:\company-work\agrifarm project\agrifarm-common-service\src\main\java
[DEBUG] New compile source roots:
  D:\company-work\agrifarm project\agrifarm-common-service\src\main\java
  D:\company-work\agrifarm project\agrifarm-common-service\target\generated-sources\annotations
[DEBUG] CompilerReuseStrategy: reuseCreated
[DEBUG] useIncrementalCompilation enabled
[DEBUG] Stale source detected: D:\company-work\agrifarm project\agrifarm-common-service\src\main\java\com\agrifarms\common\repository\UserRepository.java
[DEBUG] Stale source detected: D:\company-work\agrifarm project\agrifarm-common-service\src\main\java\com\agrifarms\common\dto\WorkerGroupRoleDTO.java
[DEBUG] Stale source detected: D:\company-work\agrifarm project\agrifarm-common-service\src\main\java\com\agrifarms\common\repository\EquipmentRepository.java
[DEBUG] Stale source detected: D:\company-work\agrifarm project\agrifarm-common-service\src\main\java\com\agrifarms\common\repository\TransportVehicleRepository.java
[DEBUG] Stale source detected: D:\company-work\agrifarm project\agrifarm-common-service\src\main\java\com\agrifarms\common\service\BookingService.java
[DEBUG] Stale source detected: D:\company-work\agrifarm project\agrifarm-common-service\src\main\java\com\agrifarms\common\controller\InventoryController.java
[DEBUG] Stale source detected: D:\company-work\agrifarm project\agrifarm-common-service\src\main\java\com\agrifarms\common\service\UserService.java
[DEBUG] Stale source detected: D:\company-work\agrifarm project\agrifarm-common-service\src\main\java\com\agrifarms\common\dto\TransportVehicleDTO.java
[DEBUG] Stale source detected: D:\company-work\agrifarm project\agrifarm-common-service\src\main\java\com\agrifarms\common\entity\User.java
[DEBUG] Stale source detected: D:\company-work\agrifarm project\agrifarm-common-service\src\main\java\com\agrifarms\common\entity\WorkerGroupRole.java
[DEBUG] Stale source detected: D:\company-work\agrifarm project\agrifarm-common-service\src\main\java\com\agrifarms\common\entity\Equipment.java
[DEBUG] Stale source detected: D:\company-work\agrifarm project\agrifarm-common-service\src\main\java\com\agrifarms\common\controller\BookingController.java
[DEBUG] Stale source detected: D:\company-work\agrifarm project\agrifarm-common-service\src\main\java\com\agrifarms\common\service\InventoryService.java
[DEBUG] Stale source detected: D:\company-work\agrifarm project\agrifarm-common-service\src\main\java\com\agrifarms\common\dto\BookingDTO.java
[DEBUG] Stale source detected: D:\company-work\agrifarm project\agrifarm-common-service\src\main\java\com\agrifarms\common\repository\WorkerGroupRepository.java
[DEBUG] Stale source detected: D:\company-work\agrifarm project\agrifarm-common-service\src\main\java\com\agrifarms\common\controller\UserController.java
[DEBUG] Stale source detected: D:\company-work\agrifarm project\agrifarm-common-service\src\main\java\com\agrifarms\common\dto\EquipmentDTO.java
[DEBUG] Stale source detected: D:\company-work\agrifarm project\agrifarm-common-service\src\main\java\com\agrifarms\common\entity\ServiceOffering.java
[DEBUG] Stale source detected: D:\company-work\agrifarm project\agrifarm-common-service\src\main\java\com\agrifarms\common\dto\UserDTO.java
[DEBUG] Stale source detected: D:\company-work\agrifarm project\agrifarm-common-service\src\main\java\com\agrifarms\common\entity\WorkerGroup.java
[DEBUG] Stale source detected: D:\company-work\agrifarm project\agrifarm-common-service\src\main\java\com\agrifarms\common\repository\ServiceOfferingRepository.java
[DEBUG] Stale source detected: D:\company-work\agrifarm project\agrifarm-common-service\src\main\java\com\agrifarms\common\AgriFarmsCommonServiceApplication.java
[DEBUG] Stale source detected: D:\company-work\agrifarm project\agrifarm-common-service\src\main\java\com\agrifarms\common\repository\BookingRepository.java
[DEBUG] Stale source detected: D:\company-work\agrifarm project\agrifarm-common-service\src\main\java\com\agrifarms\common\dto\WorkerGroupDTO.java
[DEBUG] Stale source detected: D:\company-work\agrifarm project\agrifarm-common-service\src\main\java\com\agrifarms\common\entity\Booking.java
[DEBUG] Stale source detected: D:\company-work\agrifarm project\agrifarm-common-service\src\main\java\com\agrifarms\common\dto\DtoMapper.java
[DEBUG] Stale source detected: D:\company-work\agrifarm project\agrifarm-common-service\src\main\java\com\agrifarms\common\entity\TransportVehicle.java
[DEBUG] Stale source detected: D:\company-work\agrifarm project\agrifarm-common-service\src\main\java\com\agrifarms\common\dto\ServiceOfferingDTO.java
[INFO] Changes detected - recompiling the module! :source
[DEBUG] Classpath:
[DEBUG]  D:\company-work\agrifarm project\agrifarm-common-service\target\classes
[DEBUG]  C:\Users\Hp\.m2\repository\org\springframework\boot\spring-boot-starter-web\3.2.3\spring-boot-starter-web-3.2.3.jar
[DEBUG]  C:\Users\Hp\.m2\repository\org\springframework\boot\spring-boot-starter\3.2.3\spring-boot-starter-3.2.3.jar
[DEBUG]  C:\Users\Hp\.m2\repository\org\springframework\boot\spring-boot-starter-logging\3.2.3\spring-boot-starter-logging-3.2.3.jar
[DEBUG]  C:\Users\Hp\.m2\repository\ch\qos\logback\logback-classic\1.4.14\logback-classic-1.4.14.jar
[DEBUG]  C:\Users\Hp\.m2\repository\ch\qos\logback\logback-core\1.4.14\logback-core-1.4.14.jar
[DEBUG]  C:\Users\Hp\.m2\repository\org\apache\logging\log4j\log4j-to-slf4j\2.21.1\log4j-to-slf4j-2.21.1.jar
[DEBUG]  C:\Users\Hp\.m2\repository\org\apache\logging\log4j\log4j-api\2.21.1\log4j-api-2.21.1.jar
[DEBUG]  C:\Users\Hp\.m2\repository\org\slf4j\jul-to-slf4j\2.0.12\jul-to-slf4j-2.0.12.jar
[DEBUG]  C:\Users\Hp\.m2\repository\jakarta\annotation\jakarta.annotation-api\2.1.1\jakarta.annotation-api-2.1.1.jar
[DEBUG]  C:\Users\Hp\.m2\repository\org\springframework\boot\spring-boot-starter-json\3.2.3\spring-boot-starter-json-3.2.3.jar
[DEBUG]  C:\Users\Hp\.m2\repository\com\fasterxml\jackson\core\jackson-databind\2.15.4\jackson-databind-2.15.4.jar
[DEBUG]  C:\Users\Hp\.m2\repository\com\fasterxml\jackson\core\jackson-annotations\2.15.4\jackson-annotations-2.15.4.jar
[DEBUG]  C:\Users\Hp\.m2\repository\com\fasterxml\jackson\core\jackson-core\2.15.4\jackson-core-2.15.4.jar
[DEBUG]  C:\Users\Hp\.m2\repository\com\fasterxml\jackson\datatype\jackson-datatype-jdk8\2.15.4\jackson-datatype-jdk8-2.15.4.jar
[DEBUG]  C:\Users\Hp\.m2\repository\com\fasterxml\jackson\datatype\jackson-datatype-jsr310\2.15.4\jackson-datatype-jsr310-2.15.4.jar
[DEBUG]  C:\Users\Hp\.m2\repository\com\fasterxml\jackson\module\jackson-module-parameter-names\2.15.4\jackson-module-parameter-names-2.15.4.jar
[DEBUG]  C:\Users\Hp\.m2\repository\org\springframework\boot\spring-boot-starter-tomcat\3.2.3\spring-boot-starter-tomcat-3.2.3.jar
[DEBUG]  C:\Users\Hp\.m2\repository\org\apache\tomcat\embed\tomcat-embed-core\10.1.19\tomcat-embed-core-10.1.19.jar
[DEBUG]  C:\Users\Hp\.m2\repository\org\apache\tomcat\embed\tomcat-embed-el\10.1.19\tomcat-embed-el-10.1.19.jar
[DEBUG]  C:\Users\Hp\.m2\repository\org\apache\tomcat\embed\tomcat-embed-websocket\10.1.19\tomcat-embed-websocket-10.1.19.jar
[DEBUG]  C:\Users\Hp\.m2\repository\org\springframework\spring-web\6.1.4\spring-web-6.1.4.jar
[DEBUG]  C:\Users\Hp\.m2\repository\org\springframework\spring-beans\6.1.4\spring-beans-6.1.4.jar
[DEBUG]  C:\Users\Hp\.m2\repository\io\micrometer\micrometer-observation\1.12.3\micrometer-observation-1.12.3.jar
[DEBUG]  C:\Users\Hp\.m2\repository\io\micrometer\micrometer-commons\1.12.3\micrometer-commons-1.12.3.jar
[DEBUG]  C:\Users\Hp\.m2\repository\org\springframework\spring-webmvc\6.1.4\spring-webmvc-6.1.4.jar
[DEBUG]  C:\Users\Hp\.m2\repository\org\springframework\spring-aop\6.1.4\spring-aop-6.1.4.jar
[DEBUG]  C:\Users\Hp\.m2\repository\org\springframework\spring-context\6.1.4\spring-context-6.1.4.jar
[DEBUG]  C:\Users\Hp\.m2\repository\org\springframework\spring-expression\6.1.4\spring-expression-6.1.4.jar
[DEBUG]  C:\Users\Hp\.m2\repository\org\springframework\boot\spring-boot\3.2.3\spring-boot-3.2.3.jar
[DEBUG]  C:\Users\Hp\.m2\repository\org\springframework\boot\spring-boot-autoconfigure\3.2.3\spring-boot-autoconfigure-3.2.3.jar
[DEBUG]  C:\Users\Hp\.m2\repository\org\projectlombok\lombok\1.18.30\lombok-1.18.30.jar
[DEBUG]  C:\Users\Hp\.m2\repository\org\springframework\boot\spring-boot-starter-data-jpa\3.2.3\spring-boot-starter-data-jpa-3.2.3.jar
[DEBUG]  C:\Users\Hp\.m2\repository\org\springframework\boot\spring-boot-starter-aop\3.2.3\spring-boot-starter-aop-3.2.3.jar
[DEBUG]  C:\Users\Hp\.m2\repository\org\aspectj\aspectjweaver\1.9.21\aspectjweaver-1.9.21.jar
[DEBUG]  C:\Users\Hp\.m2\repository\org\springframework\boot\spring-boot-starter-jdbc\3.2.3\spring-boot-starter-jdbc-3.2.3.jar
[DEBUG]  C:\Users\Hp\.m2\repository\com\zaxxer\HikariCP\5.0.1\HikariCP-5.0.1.jar
[DEBUG]  C:\Users\Hp\.m2\repository\org\springframework\spring-jdbc\6.1.4\spring-jdbc-6.1.4.jar
[DEBUG]  C:\Users\Hp\.m2\repository\org\hibernate\orm\hibernate-core\6.4.4.Final\hibernate-core-6.4.4.Final.jar
[DEBUG]  C:\Users\Hp\.m2\repository\jakarta\persistence\jakarta.persistence-api\3.1.0\jakarta.persistence-api-3.1.0.jar
[DEBUG]  C:\Users\Hp\.m2\repository\jakarta\transaction\jakarta.transaction-api\2.0.1\jakarta.transaction-api-2.0.1.jar
[DEBUG]  C:\Users\Hp\.m2\repository\org\antlr\antlr4-runtime\4.13.0\antlr4-runtime-4.13.0.jar
[DEBUG]  C:\Users\Hp\.m2\repository\org\springframework\data\spring-data-jpa\3.2.3\spring-data-jpa-3.2.3.jar
[DEBUG]  C:\Users\Hp\.m2\repository\org\springframework\data\spring-data-commons\3.2.3\spring-data-commons-3.2.3.jar
[DEBUG]  C:\Users\Hp\.m2\repository\org\springframework\spring-orm\6.1.4\spring-orm-6.1.4.jar
[DEBUG]  C:\Users\Hp\.m2\repository\org\springframework\spring-tx\6.1.4\spring-tx-6.1.4.jar
[DEBUG]  C:\Users\Hp\.m2\repository\org\slf4j\slf4j-api\2.0.12\slf4j-api-2.0.12.jar
[DEBUG]  C:\Users\Hp\.m2\repository\org\springframework\spring-aspects\6.1.4\spring-aspects-6.1.4.jar
[DEBUG]  C:\Users\Hp\.m2\repository\org\liquibase\liquibase-core\4.24.0\liquibase-core-4.24.0.jar
[DEBUG]  C:\Users\Hp\.m2\repository\com\opencsv\opencsv\5.8\opencsv-5.8.jar
[DEBUG]  C:\Users\Hp\.m2\repository\org\apache\commons\commons-lang3\3.13.0\commons-lang3-3.13.0.jar
[DEBUG]  C:\Users\Hp\.m2\repository\org\apache\commons\commons-text\1.10.0\commons-text-1.10.0.jar
[DEBUG]  C:\Users\Hp\.m2\repository\org\apache\commons\commons-collections4\4.4\commons-collections4-4.4.jar
[DEBUG]  C:\Users\Hp\.m2\repository\org\yaml\snakeyaml\2.2\snakeyaml-2.2.jar
[DEBUG]  C:\Users\Hp\.m2\repository\javax\xml\bind\jaxb-api\2.3.1\jaxb-api-2.3.1.jar
[DEBUG]  C:\Users\Hp\.m2\repository\org\springframework\spring-core\6.1.4\spring-core-6.1.4.jar
[DEBUG]  C:\Users\Hp\.m2\repository\org\springframework\spring-jcl\6.1.4\spring-jcl-6.1.4.jar
[DEBUG] Source roots:
[DEBUG]  D:\company-work\agrifarm project\agrifarm-common-service\src\main\java
[DEBUG]  D:\company-work\agrifarm project\agrifarm-common-service\target\generated-sources\annotations
[DEBUG] Command line options:
[DEBUG] -d D:\company-work\agrifarm project\agrifarm-common-service\target\classes -classpath D:\company-work\agrifarm project\agrifarm-common-service\target\classes;C:\Users\Hp\.m2\repository\org\springframework\boot\spring-boot-starter-web\3.2.3\spring-boot-starter-web-3.2.3.jar;C:\Users\Hp\.m2\repository\org\springframework\boot\spring-boot-starter\3.2.3\spring-boot-starter-3.2.3.jar;C:\Users\Hp\.m2\repository\org\springframework\boot\spring-boot-starter-logging\3.2.3\spring-boot-starter-logging-3.2.3.jar;C:\Users\Hp\.m2\repository\ch\qos\logback\logback-classic\1.4.14\logback-classic-1.4.14.jar;C:\Users\Hp\.m2\repository\ch\qos\logback\logback-core\1.4.14\logback-core-1.4.14.jar;C:\Users\Hp\.m2\repository\org\apache\logging\log4j\log4j-to-slf4j\2.21.1\log4j-to-slf4j-2.21.1.jar;C:\Users\Hp\.m2\repository\org\apache\logging\log4j\log4j-api\2.21.1\log4j-api-2.21.1.jar;C:\Users\Hp\.m2\repository\org\slf4j\jul-to-slf4j\2.0.12\jul-to-slf4j-2.0.12.jar;C:\Users\Hp\.m2\repository\jakarta\annotation\jakarta.annotation-api\2.1.1\jakarta.annotation-api-2.1.1.jar;C:\Users\Hp\.m2\repository\org\springframework\boot\spring-boot-starter-json\3.2.3\spring-boot-starter-json-3.2.3.jar;C:\Users\Hp\.m2\repository\com\fasterxml\jackson\core\jackson-databind\2.15.4\jackson-databind-2.15.4.jar;C:\Users\Hp\.m2\repository\com\fasterxml\jackson\core\jackson-annotations\2.15.4\jackson-annotations-2.15.4.jar;C:\Users\Hp\.m2\repository\com\fasterxml\jackson\core\jackson-core\2.15.4\jackson-core-2.15.4.jar;C:\Users\Hp\.m2\repository\com\fasterxml\jackson\datatype\jackson-datatype-jdk8\2.15.4\jackson-datatype-jdk8-2.15.4.jar;C:\Users\Hp\.m2\repository\com\fasterxml\jackson\datatype\jackson-datatype-jsr310\2.15.4\jackson-datatype-jsr310-2.15.4.jar;C:\Users\Hp\.m2\repository\com\fasterxml\jackson\module\jackson-module-parameter-names\2.15.4\jackson-module-parameter-names-2.15.4.jar;C:\Users\Hp\.m2\repository\org\springframework\boot\spring-boot-starter-tomcat\3.2.3\spring-boot-starter-tomcat-3.2.3.jar;C:\Users\Hp\.m2\repository\org\apache\tomcat\embed\tomcat-embed-core\10.1.19\tomcat-embed-core-10.1.19.jar;C:\Users\Hp\.m2\repository\org\apache\tomcat\embed\tomcat-embed-el\10.1.19\tomcat-embed-el-10.1.19.jar;C:\Users\Hp\.m2\repository\org\apache\tomcat\embed\tomcat-embed-websocket\10.1.19\tomcat-embed-websocket-10.1.19.jar;C:\Users\Hp\.m2\repository\org\springframework\spring-web\6.1.4\spring-web-6.1.4.jar;C:\Users\Hp\.m2\repository\org\springframework\spring-beans\6.1.4\spring-beans-6.1.4.jar;C:\Users\Hp\.m2\repository\io\micrometer\micrometer-observation\1.12.3\micrometer-observation-1.12.3.jar;C:\Users\Hp\.m2\repository\io\micrometer\micrometer-commons\1.12.3\micrometer-commons-1.12.3.jar;C:\Users\Hp\.m2\repository\org\springframework\spring-webmvc\6.1.4\spring-webmvc-6.1.4.jar;C:\Users\Hp\.m2\repository\org\springframework\spring-aop\6.1.4\spring-aop-6.1.4.jar;C:\Users\Hp\.m2\repository\org\springframework\spring-context\6.1.4\spring-context-6.1.4.jar;C:\Users\Hp\.m2\repository\org\springframework\spring-expression\6.1.4\spring-expression-6.1.4.jar;C:\Users\Hp\.m2\repository\org\springframework\boot\spring-boot\3.2.3\spring-boot-3.2.3.jar;C:\Users\Hp\.m2\repository\org\springframework\boot\spring-boot-autoconfigure\3.2.3\spring-boot-autoconfigure-3.2.3.jar;C:\Users\Hp\.m2\repository\org\projectlombok\lombok\1.18.30\lombok-1.18.30.jar;C:\Users\Hp\.m2\repository\org\springframework\boot\spring-boot-starter-data-jpa\3.2.3\spring-boot-starter-data-jpa-3.2.3.jar;C:\Users\Hp\.m2\repository\org\springframework\boot\spring-boot-starter-aop\3.2.3\spring-boot-starter-aop-3.2.3.jar;C:\Users\Hp\.m2\repository\org\aspectj\aspectjweaver\1.9.21\aspectjweaver-1.9.21.jar;C:\Users\Hp\.m2\repository\org\springframework\boot\spring-boot-starter-jdbc\3.2.3\spring-boot-starter-jdbc-3.2.3.jar;C:\Users\Hp\.m2\repository\com\zaxxer\HikariCP\5.0.1\HikariCP-5.0.1.jar;C:\Users\Hp\.m2\repository\org\springframework\spring-jdbc\6.1.4\spring-jdbc-6.1.4.jar;C:\Users\Hp\.m2\repository\org\hibernate\orm\hibernate-core\6.4.4.Final\hibernate-core-6.4.4.Final.jar;C:\Users\Hp\.m2\repository\jakarta\persistence\jakarta.persistence-api\3.1.0\jakarta.persistence-api-3.1.0.jar;C:\Users\Hp\.m2\repository\jakarta\transaction\jakarta.transaction-api\2.0.1\jakarta.transaction-api-2.0.1.jar;C:\Users\Hp\.m2\repository\org\antlr\antlr4-runtime\4.13.0\antlr4-runtime-4.13.0.jar;C:\Users\Hp\.m2\repository\org\springframework\data\spring-data-jpa\3.2.3\spring-data-jpa-3.2.3.jar;C:\Users\Hp\.m2\repository\org\springframework\data\spring-data-commons\3.2.3\spring-data-commons-3.2.3.jar;C:\Users\Hp\.m2\repository\org\springframework\spring-orm\6.1.4\spring-orm-6.1.4.jar;C:\Users\Hp\.m2\repository\org\springframework\spring-tx\6.1.4\spring-tx-6.1.4.jar;C:\Users\Hp\.m2\repository\org\slf4j\slf4j-api\2.0.12\slf4j-api-2.0.12.jar;C:\Users\Hp\.m2\repository\org\springframework\spring-aspects\6.1.4\spring-aspects-6.1.4.jar;C:\Users\Hp\.m2\repository\org\liquibase\liquibase-core\4.24.0\liquibase-core-4.24.0.jar;C:\Users\Hp\.m2\repository\com\opencsv\opencsv\5.8\opencsv-5.8.jar;C:\Users\Hp\.m2\repository\org\apache\commons\commons-lang3\3.13.0\commons-lang3-3.13.0.jar;C:\Users\Hp\.m2\repository\org\apache\commons\commons-text\1.10.0\commons-text-1.10.0.jar;C:\Users\Hp\.m2\repository\org\apache\commons\commons-collections4\4.4\commons-collections4-4.4.jar;C:\Users\Hp\.m2\repository\org\yaml\snakeyaml\2.2\snakeyaml-2.2.jar;C:\Users\Hp\.m2\repository\javax\xml\bind\jaxb-api\2.3.1\jaxb-api-2.3.1.jar;C:\Users\Hp\.m2\repository\org\springframework\spring-core\6.1.4\spring-core-6.1.4.jar;C:\Users\Hp\.m2\repository\org\springframework\spring-jcl\6.1.4\spring-jcl-6.1.4.jar; -sourcepath D:\company-work\agrifarm project\agrifarm-common-service\src\main\java;D:\company-work\agrifarm project\agrifarm-common-service\target\generated-sources\annotations; -s D:\company-work\agrifarm project\agrifarm-common-service\target\generated-sources\annotations -g -parameters --release 17 -encoding UTF-8
[DEBUG] incrementalBuildHelper#beforeRebuildExecution
[INFO] Compiling 28 source files with javac [debug release 17] to target\classes
[DEBUG] incrementalBuildHelper#afterRebuildExecution
[INFO] -------------------------------------------------------------
[ERROR] COMPILATION ERROR : 
[INFO] -------------------------------------------------------------
[ERROR] /D:/company-work/agrifarm project/agrifarm-common-service/src/main/java/com/agrifarms/common/controller/BookingController.java:[19,34] variable bookingService not initialized in the default constructor
[ERROR] /D:/company-work/agrifarm project/agrifarm-common-service/src/main/java/com/agrifarms/common/controller/BookingController.java:[20,29] variable dtoMapper not initialized in the default constructor
[ERROR] /D:/company-work/agrifarm project/agrifarm-common-service/src/main/java/com/agrifarms/common/service/BookingService.java:[18,16] cannot find symbol
  symbol:   method setBookingDate(java.time.LocalDateTime)
  location: variable booking of type com.agrifarms.common.entity.Booking
[ERROR] /D:/company-work/agrifarm project/agrifarm-common-service/src/main/java/com/agrifarms/common/service/BookingService.java:[19,16] cannot find symbol
  symbol:   method setStatus(java.lang.String)
  location: variable booking of type com.agrifarms.common.entity.Booking
[ERROR] /D:/company-work/agrifarm project/agrifarm-common-service/src/main/java/com/agrifarms/common/service/BookingService.java:[34,16] cannot find symbol
  symbol:   method setStatus(java.lang.String)
  location: variable booking of type com.agrifarms.common.entity.Booking
[ERROR] /D:/company-work/agrifarm project/agrifarm-common-service/src/main/java/com/agrifarms/common/dto/DtoMapper.java:[30,23] cannot find symbol
  symbol:   method getProfileImageUrl()
  location: variable entity of type com.agrifarms.common.entity.User
[ERROR] /D:/company-work/agrifarm project/agrifarm-common-service/src/main/java/com/agrifarms/common/dto/DtoMapper.java:[29,23] cannot find symbol
  symbol:   method getVillage()
  location: variable entity of type com.agrifarms.common.entity.User
[ERROR] /D:/company-work/agrifarm project/agrifarm-common-service/src/main/java/com/agrifarms/common/dto/DtoMapper.java:[28,23] cannot find symbol
  symbol:   method getDistrict()
  location: variable entity of type com.agrifarms.common.entity.User
[ERROR] /D:/company-work/agrifarm project/agrifarm-common-service/src/main/java/com/agrifarms/common/dto/DtoMapper.java:[27,23] cannot find symbol
  symbol:   method getRole()
  location: variable entity of type com.agrifarms.common.entity.User
[ERROR] /D:/company-work/agrifarm project/agrifarm-common-service/src/main/java/com/agrifarms/common/dto/DtoMapper.java:[26,23] cannot find symbol
  symbol:   method getFullName()
  location: variable entity of type com.agrifarms.common.entity.User
[ERROR] /D:/company-work/agrifarm project/agrifarm-common-service/src/main/java/com/agrifarms/common/dto/DtoMapper.java:[25,23] cannot find symbol
  symbol:   method getPhoneNumber()
  location: variable entity of type com.agrifarms.common.entity.User
[ERROR] /D:/company-work/agrifarm project/agrifarm-common-service/src/main/java/com/agrifarms/common/dto/DtoMapper.java:[24,23] cannot find symbol
  symbol:   method getUserId()
  location: variable entity of type com.agrifarms.common.entity.User
[ERROR] /D:/company-work/agrifarm project/agrifarm-common-service/src/main/java/com/agrifarms/common/dto/DtoMapper.java:[37,29] cannot find symbol
  symbol:   method getUserId()
  location: variable dto of type com.agrifarms.common.dto.UserDTO
[ERROR] /D:/company-work/agrifarm project/agrifarm-common-service/src/main/java/com/agrifarms/common/dto/DtoMapper.java:[38,34] cannot find symbol
  symbol:   method getPhoneNumber()
  location: variable dto of type com.agrifarms.common.dto.UserDTO
[ERROR] /D:/company-work/agrifarm project/agrifarm-common-service/src/main/java/com/agrifarms/common/dto/DtoMapper.java:[39,31] cannot find symbol
  symbol:   method getFullName()
  location: variable dto of type com.agrifarms.common.dto.UserDTO
[ERROR] /D:/company-work/agrifarm project/agrifarm-common-service/src/main/java/com/agrifarms/common/dto/DtoMapper.java:[40,27] cannot find symbol
  symbol:   method getRole()
  location: variable dto of type com.agrifarms.common.dto.UserDTO
[ERROR] /D:/company-work/agrifarm project/agrifarm-common-service/src/main/java/com/agrifarms/common/dto/DtoMapper.java:[41,31] cannot find symbol
  symbol:   method getDistrict()
  location: variable dto of type com.agrifarms.common.dto.UserDTO
[ERROR] /D:/company-work/agrifarm project/agrifarm-common-service/src/main/java/com/agrifarms/common/dto/DtoMapper.java:[42,30] cannot find symbol
  symbol:   method getVillage()
  location: variable dto of type com.agrifarms.common.dto.UserDTO
[ERROR] /D:/company-work/agrifarm project/agrifarm-common-service/src/main/java/com/agrifarms/common/dto/DtoMapper.java:[43,38] cannot find symbol
  symbol:   method getProfileImageUrl()
  location: variable dto of type com.agrifarms.common.dto.UserDTO
[ERROR] /D:/company-work/agrifarm project/agrifarm-common-service/src/main/java/com/agrifarms/common/dto/DtoMapper.java:[63,23] cannot find symbol
  symbol:   method getImageUrl()
  location: variable entity of type com.agrifarms.common.entity.Equipment
[ERROR] /D:/company-work/agrifarm project/agrifarm-common-service/src/main/java/com/agrifarms/common/dto/DtoMapper.java:[62,23] cannot find symbol
  symbol:   method getApprovalStatus()
  location: variable entity of type com.agrifarms.common.entity.Equipment
[ERROR] /D:/company-work/agrifarm project/agrifarm-common-service/src/main/java/com/agrifarms/common/dto/DtoMapper.java:[61,23] cannot find symbol
  symbol:   method getRating()
  location: variable entity of type com.agrifarms.common.entity.Equipment
[ERROR] /D:/company-work/agrifarm project/agrifarm-common-service/src/main/java/com/agrifarms/common/dto/DtoMapper.java:[60,23] cannot find symbol
  symbol:   method getIsAvailable()
  location: variable entity of type com.agrifarms.common.entity.Equipment
[ERROR] /D:/company-work/agrifarm project/agrifarm-common-service/src/main/java/com/agrifarms/common/dto/DtoMapper.java:[59,23] cannot find symbol
  symbol:   method getLocation()
  location: variable entity of type com.agrifarms.common.entity.Equipment
[ERROR] /D:/company-work/agrifarm project/agrifarm-common-service/src/main/java/com/agrifarms/common/dto/DtoMapper.java:[58,23] cannot find symbol
  symbol:   method getOperatorAvailable()
  location: variable entity of type com.agrifarms.common.entity.Equipment
[ERROR] /D:/company-work/agrifarm project/agrifarm-common-service/src/main/java/com/agrifarms/common/dto/DtoMapper.java:[57,23] cannot find symbol
  symbol:   method getPricePerHour()
  location: variable entity of type com.agrifarms.common.entity.Equipment
[ERROR] /D:/company-work/agrifarm project/agrifarm-common-service/src/main/java/com/agrifarms/common/dto/DtoMapper.java:[56,23] cannot find symbol
  symbol:   method getConditionStatus()
  location: variable entity of type com.agrifarms.common.entity.Equipment
[ERROR] /D:/company-work/agrifarm project/agrifarm-common-service/src/main/java/com/agrifarms/common/dto/DtoMapper.java:[55,23] cannot find symbol
  symbol:   method getBrandModel()
  location: variable entity of type com.agrifarms.common.entity.Equipment
[ERROR] /D:/company-work/agrifarm project/agrifarm-common-service/src/main/java/com/agrifarms/common/dto/DtoMapper.java:[54,23] cannot find symbol
  symbol:   method getCategory()
  location: variable entity of type com.agrifarms.common.entity.Equipment
[ERROR] /D:/company-work/agrifarm project/agrifarm-common-service/src/main/java/com/agrifarms/common/dto/DtoMapper.java:[53,23] cannot find symbol
  symbol:   method getOwnerId()
  location: variable entity of type com.agrifarms.common.entity.Equipment
[ERROR] /D:/company-work/agrifarm project/agrifarm-common-service/src/main/java/com/agrifarms/common/dto/DtoMapper.java:[52,23] cannot find symbol
  symbol:   method getEquipmentId()
  location: variable entity of type com.agrifarms.common.entity.Equipment
[ERROR] /D:/company-work/agrifarm project/agrifarm-common-service/src/main/java/com/agrifarms/common/dto/DtoMapper.java:[70,34] cannot find symbol
  symbol:   method getEquipmentId()
  location: variable dto of type com.agrifarms.common.dto.EquipmentDTO
[ERROR] /D:/company-work/agrifarm project/agrifarm-common-service/src/main/java/com/agrifarms/common/dto/DtoMapper.java:[71,30] cannot find symbol
  symbol:   method getOwnerId()
  location: variable dto of type com.agrifarms.common.dto.EquipmentDTO
[ERROR] /D:/company-work/agrifarm project/agrifarm-common-service/src/main/java/com/agrifarms/common/dto/DtoMapper.java:[72,31] cannot find symbol
  symbol:   method getCategory()
  location: variable dto of type com.agrifarms.common.dto.EquipmentDTO
[ERROR] /D:/company-work/agrifarm project/agrifarm-common-service/src/main/java/com/agrifarms/common/dto/DtoMapper.java:[73,33] cannot find symbol
  symbol:   method getBrandModel()
  location: variable dto of type com.agrifarms.common.dto.EquipmentDTO
[ERROR] /D:/company-work/agrifarm project/agrifarm-common-service/src/main/java/com/agrifarms/common/dto/DtoMapper.java:[74,38] cannot find symbol
  symbol:   method getConditionStatus()
  location: variable dto of type com.agrifarms.common.dto.EquipmentDTO
[ERROR] /D:/company-work/agrifarm project/agrifarm-common-service/src/main/java/com/agrifarms/common/dto/DtoMapper.java:[75,35] cannot find symbol
  symbol:   method getPricePerHour()
  location: variable dto of type com.agrifarms.common.dto.EquipmentDTO
[ERROR] /D:/company-work/agrifarm project/agrifarm-common-service/src/main/java/com/agrifarms/common/dto/DtoMapper.java:[76,40] cannot find symbol
  symbol:   method getOperatorAvailable()
  location: variable dto of type com.agrifarms.common.dto.EquipmentDTO
[ERROR] /D:/company-work/agrifarm project/agrifarm-common-service/src/main/java/com/agrifarms/common/dto/DtoMapper.java:[77,31] cannot find symbol
  symbol:   method getLocation()
  location: variable dto of type com.agrifarms.common.dto.EquipmentDTO
[ERROR] /D:/company-work/agrifarm project/agrifarm-common-service/src/main/java/com/agrifarms/common/dto/DtoMapper.java:[78,34] cannot find symbol
  symbol:   method getIsAvailable()
  location: variable dto of type com.agrifarms.common.dto.EquipmentDTO
[ERROR] /D:/company-work/agrifarm project/agrifarm-common-service/src/main/java/com/agrifarms/common/dto/DtoMapper.java:[79,29] cannot find symbol
  symbol:   method getRating()
  location: variable dto of type com.agrifarms.common.dto.EquipmentDTO
[ERROR] /D:/company-work/agrifarm project/agrifarm-common-service/src/main/java/com/agrifarms/common/dto/DtoMapper.java:[80,37] cannot find symbol
  symbol:   method getApprovalStatus()
  location: variable dto of type com.agrifarms.common.dto.EquipmentDTO
[ERROR] /D:/company-work/agrifarm project/agrifarm-common-service/src/main/java/com/agrifarms/common/dto/DtoMapper.java:[81,31] cannot find symbol
  symbol:   method getImageUrl()
  location: variable dto of type com.agrifarms.common.dto.EquipmentDTO
[ERROR] /D:/company-work/agrifarm project/agrifarm-common-service/src/main/java/com/agrifarms/common/dto/DtoMapper.java:[102,23] cannot find symbol
  symbol:   method getImageUrl()
  location: variable entity of type com.agrifarms.common.entity.TransportVehicle
[ERROR] /D:/company-work/agrifarm project/agrifarm-common-service/src/main/java/com/agrifarms/common/dto/DtoMapper.java:[101,23] cannot find symbol
  symbol:   method getApprovalStatus()
  location: variable entity of type com.agrifarms.common.entity.TransportVehicle
[ERROR] /D:/company-work/agrifarm project/agrifarm-common-service/src/main/java/com/agrifarms/common/dto/DtoMapper.java:[100,23] cannot find symbol
  symbol:   method getRating()
  location: variable entity of type com.agrifarms.common.entity.TransportVehicle
[ERROR] /D:/company-work/agrifarm project/agrifarm-common-service/src/main/java/com/agrifarms/common/dto/DtoMapper.java:[99,23] cannot find symbol
  symbol:   method getIsAvailable()
  location: variable entity of type com.agrifarms.common.entity.TransportVehicle
[ERROR] /D:/company-work/agrifarm project/agrifarm-common-service/src/main/java/com/agrifarms/common/dto/DtoMapper.java:[98,23] cannot find symbol
  symbol:   method getLocation()
  location: variable entity of type com.agrifarms.common.entity.TransportVehicle
[ERROR] /D:/company-work/agrifarm project/agrifarm-common-service/src/main/java/com/agrifarms/common/dto/DtoMapper.java:[97,23] cannot find symbol
  symbol:   method getServiceArea()
  location: variable entity of type com.agrifarms.common.entity.TransportVehicle
[ERROR] /D:/company-work/agrifarm project/agrifarm-common-service/src/main/java/com/agrifarms/common/dto/DtoMapper.java:[96,23] cannot find symbol
  symbol:   method getDriverIncluded()
  location: variable entity of type com.agrifarms.common.entity.TransportVehicle
[ERROR] /D:/company-work/agrifarm project/agrifarm-common-service/src/main/java/com/agrifarms/common/dto/DtoMapper.java:[95,23] cannot find symbol
  symbol:   method getPricePerKmOrTrip()
  location: variable entity of type com.agrifarms.common.entity.TransportVehicle
[ERROR] /D:/company-work/agrifarm project/agrifarm-common-service/src/main/java/com/agrifarms/common/dto/DtoMapper.java:[94,23] cannot find symbol
  symbol:   method getLoadCapacity()
  location: variable entity of type com.agrifarms.common.entity.TransportVehicle
[ERROR] /D:/company-work/agrifarm project/agrifarm-common-service/src/main/java/com/agrifarms/common/dto/DtoMapper.java:[93,23] cannot find symbol
  symbol:   method getVehicleNumber()
  location: variable entity of type com.agrifarms.common.entity.TransportVehicle
[ERROR] /D:/company-work/agrifarm project/agrifarm-common-service/src/main/java/com/agrifarms/common/dto/DtoMapper.java:[92,23] cannot find symbol
  symbol:   method getVehicleType()
  location: variable entity of type com.agrifarms.common.entity.TransportVehicle
[ERROR] /D:/company-work/agrifarm project/agrifarm-common-service/src/main/java/com/agrifarms/common/dto/DtoMapper.java:[91,23] cannot find symbol
  symbol:   method getOwnerId()
  location: variable entity of type com.agrifarms.common.entity.TransportVehicle
[ERROR] /D:/company-work/agrifarm project/agrifarm-common-service/src/main/java/com/agrifarms/common/dto/DtoMapper.java:[90,23] cannot find symbol
  symbol:   method getVehicleId()
  location: variable entity of type com.agrifarms.common.entity.TransportVehicle
[ERROR] /D:/company-work/agrifarm project/agrifarm-common-service/src/main/java/com/agrifarms/common/dto/DtoMapper.java:[109,32] cannot find symbol
  symbol:   method getVehicleId()
  location: variable dto of type com.agrifarms.common.dto.TransportVehicleDTO
[ERROR] /D:/company-work/agrifarm project/agrifarm-common-service/src/main/java/com/agrifarms/common/dto/DtoMapper.java:[110,30] cannot find symbol
  symbol:   method getOwnerId()
  location: variable dto of type com.agrifarms.common.dto.TransportVehicleDTO
[ERROR] /D:/company-work/agrifarm project/agrifarm-common-service/src/main/java/com/agrifarms/common/dto/DtoMapper.java:[111,34] cannot find symbol
  symbol:   method getVehicleType()
  location: variable dto of type com.agrifarms.common.dto.TransportVehicleDTO
[ERROR] /D:/company-work/agrifarm project/agrifarm-common-service/src/main/java/com/agrifarms/common/dto/DtoMapper.java:[112,36] cannot find symbol
  symbol:   method getVehicleNumber()
  location: variable dto of type com.agrifarms.common.dto.TransportVehicleDTO
[ERROR] /D:/company-work/agrifarm project/agrifarm-common-service/src/main/java/com/agrifarms/common/dto/DtoMapper.java:[113,35] cannot find symbol
  symbol:   method getLoadCapacity()
  location: variable dto of type com.agrifarms.common.dto.TransportVehicleDTO
[ERROR] /D:/company-work/agrifarm project/agrifarm-common-service/src/main/java/com/agrifarms/common/dto/DtoMapper.java:[114,39] cannot find symbol
  symbol:   method getPricePerKmOrTrip()
  location: variable dto of type com.agrifarms.common.dto.TransportVehicleDTO
[ERROR] /D:/company-work/agrifarm project/agrifarm-common-service/src/main/java/com/agrifarms/common/dto/DtoMapper.java:[115,37] cannot find symbol
  symbol:   method getDriverIncluded()
  location: variable dto of type com.agrifarms.common.dto.TransportVehicleDTO
[ERROR] /D:/company-work/agrifarm project/agrifarm-common-service/src/main/java/com/agrifarms/common/dto/DtoMapper.java:[116,34] cannot find symbol
  symbol:   method getServiceArea()
  location: variable dto of type com.agrifarms.common.dto.TransportVehicleDTO
[ERROR] /D:/company-work/agrifarm project/agrifarm-common-service/src/main/java/com/agrifarms/common/dto/DtoMapper.java:[117,31] cannot find symbol
  symbol:   method getLocation()
  location: variable dto of type com.agrifarms.common.dto.TransportVehicleDTO
[ERROR] /D:/company-work/agrifarm project/agrifarm-common-service/src/main/java/com/agrifarms/common/dto/DtoMapper.java:[118,34] cannot find symbol
  symbol:   method getIsAvailable()
  location: variable dto of type com.agrifarms.common.dto.TransportVehicleDTO
[ERROR] /D:/company-work/agrifarm project/agrifarm-common-service/src/main/java/com/agrifarms/common/dto/DtoMapper.java:[119,29] cannot find symbol
  symbol:   method getRating()
  location: variable dto of type com.agrifarms.common.dto.TransportVehicleDTO
[ERROR] /D:/company-work/agrifarm project/agrifarm-common-service/src/main/java/com/agrifarms/common/dto/DtoMapper.java:[120,37] cannot find symbol
  symbol:   method getApprovalStatus()
  location: variable dto of type com.agrifarms.common.dto.TransportVehicleDTO
[ERROR] /D:/company-work/agrifarm project/agrifarm-common-service/src/main/java/com/agrifarms/common/dto/DtoMapper.java:[121,31] cannot find symbol
  symbol:   method getImageUrl()
  location: variable dto of type com.agrifarms.common.dto.TransportVehicleDTO
[ERROR] /D:/company-work/agrifarm project/agrifarm-common-service/src/main/java/com/agrifarms/common/dto/DtoMapper.java:[142,23] cannot find symbol
  symbol:   method getImageUrl()
  location: variable entity of type com.agrifarms.common.entity.ServiceOffering
[ERROR] /D:/company-work/agrifarm project/agrifarm-common-service/src/main/java/com/agrifarms/common/dto/DtoMapper.java:[141,23] cannot find symbol
  symbol:   method getApprovalStatus()
  location: variable entity of type com.agrifarms.common.entity.ServiceOffering
[ERROR] /D:/company-work/agrifarm project/agrifarm-common-service/src/main/java/com/agrifarms/common/dto/DtoMapper.java:[140,23] cannot find symbol
  symbol:   method getRating()
  location: variable entity of type com.agrifarms.common.entity.ServiceOffering
[ERROR] /D:/company-work/agrifarm project/agrifarm-common-service/src/main/java/com/agrifarms/common/dto/DtoMapper.java:[139,23] cannot find symbol
  symbol:   method getIsAvailable()
  location: variable entity of type com.agrifarms.common.entity.ServiceOffering
[ERROR] /D:/company-work/agrifarm project/agrifarm-common-service/src/main/java/com/agrifarms/common/dto/DtoMapper.java:[138,23] cannot find symbol
  symbol:   method getLocation()
  location: variable entity of type com.agrifarms.common.entity.ServiceOffering
[ERROR] /D:/company-work/agrifarm project/agrifarm-common-service/src/main/java/com/agrifarms/common/dto/DtoMapper.java:[137,23] cannot find symbol
  symbol:   method getOperatorIncluded()
  location: variable entity of type com.agrifarms.common.entity.ServiceOffering
[ERROR] /D:/company-work/agrifarm project/agrifarm-common-service/src/main/java/com/agrifarms/common/dto/DtoMapper.java:[136,23] cannot find symbol
  symbol:   method getPriceRate()
  location: variable entity of type com.agrifarms.common.entity.ServiceOffering
[ERROR] /D:/company-work/agrifarm project/agrifarm-common-service/src/main/java/com/agrifarms/common/dto/DtoMapper.java:[135,23] cannot find symbol
  symbol:   method getEquipmentUsed()
  location: variable entity of type com.agrifarms.common.entity.ServiceOffering
[ERROR] /D:/company-work/agrifarm project/agrifarm-common-service/src/main/java/com/agrifarms/common/dto/DtoMapper.java:[134,23] cannot find symbol
  symbol:   method getDescription()
  location: variable entity of type com.agrifarms.common.entity.ServiceOffering
[ERROR] /D:/company-work/agrifarm project/agrifarm-common-service/src/main/java/com/agrifarms/common/dto/DtoMapper.java:[133,23] cannot find symbol
  symbol:   method getBusinessName()
  location: variable entity of type com.agrifarms.common.entity.ServiceOffering
[ERROR] /D:/company-work/agrifarm project/agrifarm-common-service/src/main/java/com/agrifarms/common/dto/DtoMapper.java:[132,23] cannot find symbol
  symbol:   method getServiceType()
  location: variable entity of type com.agrifarms.common.entity.ServiceOffering
[ERROR] /D:/company-work/agrifarm project/agrifarm-common-service/src/main/java/com/agrifarms/common/dto/DtoMapper.java:[131,23] cannot find symbol
  symbol:   method getOwnerId()
  location: variable entity of type com.agrifarms.common.entity.ServiceOffering
[ERROR] /D:/company-work/agrifarm project/agrifarm-common-service/src/main/java/com/agrifarms/common/dto/DtoMapper.java:[130,23] cannot find symbol
  symbol:   method getServiceId()
  location: variable entity of type com.agrifarms.common.entity.ServiceOffering
[ERROR] /D:/company-work/agrifarm project/agrifarm-common-service/src/main/java/com/agrifarms/common/dto/DtoMapper.java:[149,32] cannot find symbol
  symbol:   method getServiceId()
  location: variable dto of type com.agrifarms.common.dto.ServiceOfferingDTO
[ERROR] /D:/company-work/agrifarm project/agrifarm-common-service/src/main/java/com/agrifarms/common/dto/DtoMapper.java:[150,30] cannot find symbol
  symbol:   method getOwnerId()
  location: variable dto of type com.agrifarms.common.dto.ServiceOfferingDTO
[ERROR] /D:/company-work/agrifarm project/agrifarm-common-service/src/main/java/com/agrifarms/common/dto/DtoMapper.java:[151,34] cannot find symbol
  symbol:   method getServiceType()
  location: variable dto of type com.agrifarms.common.dto.ServiceOfferingDTO
[ERROR] /D:/company-work/agrifarm project/agrifarm-common-service/src/main/java/com/agrifarms/common/dto/DtoMapper.java:[152,35] cannot find symbol
  symbol:   method getBusinessName()
  location: variable dto of type com.agrifarms.common.dto.ServiceOfferingDTO
[ERROR] /D:/company-work/agrifarm project/agrifarm-common-service/src/main/java/com/agrifarms/common/dto/DtoMapper.java:[153,34] cannot find symbol
  symbol:   method getDescription()
  location: variable dto of type com.agrifarms.common.dto.ServiceOfferingDTO
[ERROR] /D:/company-work/agrifarm project/agrifarm-common-service/src/main/java/com/agrifarms/common/dto/DtoMapper.java:[154,36] cannot find symbol
  symbol:   method getEquipmentUsed()
  location: variable dto of type com.agrifarms.common.dto.ServiceOfferingDTO
[ERROR] /D:/company-work/agrifarm project/agrifarm-common-service/src/main/java/com/agrifarms/common/dto/DtoMapper.java:[155,32] cannot find symbol
  symbol:   method getPriceRate()
  location: variable dto of type com.agrifarms.common.dto.ServiceOfferingDTO
[ERROR] /D:/company-work/agrifarm project/agrifarm-common-service/src/main/java/com/agrifarms/common/dto/DtoMapper.java:[156,39] cannot find symbol
  symbol:   method getOperatorIncluded()
  location: variable dto of type com.agrifarms.common.dto.ServiceOfferingDTO
[ERROR] /D:/company-work/agrifarm project/agrifarm-common-service/src/main/java/com/agrifarms/common/dto/DtoMapper.java:[157,31] cannot find symbol
  symbol:   method getLocation()
  location: variable dto of type com.agrifarms.common.dto.ServiceOfferingDTO
[ERROR] /D:/company-work/agrifarm project/agrifarm-common-service/src/main/java/com/agrifarms/common/dto/DtoMapper.java:[158,34] cannot find symbol
  symbol:   method getIsAvailable()
  location: variable dto of type com.agrifarms.common.dto.ServiceOfferingDTO
[ERROR] /D:/company-work/agrifarm project/agrifarm-common-service/src/main/java/com/agrifarms/common/dto/DtoMapper.java:[159,29] cannot find symbol
  symbol:   method getRating()
  location: variable dto of type com.agrifarms.common.dto.ServiceOfferingDTO
[ERROR] /D:/company-work/agrifarm project/agrifarm-common-service/src/main/java/com/agrifarms/common/dto/DtoMapper.java:[160,37] cannot find symbol
  symbol:   method getApprovalStatus()
  location: variable dto of type com.agrifarms.common.dto.ServiceOfferingDTO
[ERROR] /D:/company-work/agrifarm project/agrifarm-common-service/src/main/java/com/agrifarms/common/dto/DtoMapper.java:[161,31] cannot find symbol
  symbol:   method getImageUrl()
  location: variable dto of type com.agrifarms.common.dto.ServiceOfferingDTO
[ERROR] /D:/company-work/agrifarm project/agrifarm-common-service/src/main/java/com/agrifarms/common/dto/DtoMapper.java:[183,23] cannot find symbol
  symbol:   method getNotes()
  location: variable entity of type com.agrifarms.common.entity.Booking
[ERROR] /D:/company-work/agrifarm project/agrifarm-common-service/src/main/java/com/agrifarms/common/dto/DtoMapper.java:[182,23] cannot find symbol
  symbol:   method getAddressText()
  location: variable entity of type com.agrifarms.common.entity.Booking
[ERROR] /D:/company-work/agrifarm project/agrifarm-common-service/src/main/java/com/agrifarms/common/dto/DtoMapper.java:[181,23] cannot find symbol
  symbol:   method getLocationLng()
  location: variable entity of type com.agrifarms.common.entity.Booking
[ERROR] /D:/company-work/agrifarm project/agrifarm-common-service/src/main/java/com/agrifarms/common/dto/DtoMapper.java:[180,23] cannot find symbol
  symbol:   method getLocationLat()
  location: variable entity of type com.agrifarms.common.entity.Booking
[ERROR] /D:/company-work/agrifarm project/agrifarm-common-service/src/main/java/com/agrifarms/common/dto/DtoMapper.java:[179,23] cannot find symbol
  symbol:   method getTotalAmount()
  location: variable entity of type com.agrifarms.common.entity.Booking
[INFO] 100 errors 
[INFO] -------------------------------------------------------------
[INFO] ------------------------------------------------------------------------
[INFO] BUILD FAILURE
[INFO] ------------------------------------------------------------------------
[INFO] Total time:  2.775 s
[INFO] Finished at: 2026-02-20T19:05:43+05:30
[INFO] ------------------------------------------------------------------------
[ERROR] Failed to execute goal org.apache.maven.plugins:maven-compiler-plugin:3.11.0:compile (default-compile) on project agri-farms-common-service: Compilation failure: Compilation failure: 
[ERROR] /D:/company-work/agrifarm project/agrifarm-common-service/src/main/java/com/agrifarms/common/controller/BookingController.java:[19,34] variable bookingService not initialized in the default constructor
[ERROR] /D:/company-work/agrifarm project/agrifarm-common-service/src/main/java/com/agrifarms/common/controller/BookingController.java:[20,29] variable dtoMapper not initialized in the default constructor
[ERROR] /D:/company-work/agrifarm project/agrifarm-common-service/src/main/java/com/agrifarms/common/service/BookingService.java:[18,16] cannot find symbol
[ERROR]   symbol:   method setBookingDate(java.time.LocalDateTime)
[ERROR]   location: variable booking of type com.agrifarms.common.entity.Booking
[ERROR] /D:/company-work/agrifarm project/agrifarm-common-service/src/main/java/com/agrifarms/common/service/BookingService.java:[19,16] cannot find symbol
[ERROR]   symbol:   method setStatus(java.lang.String)
[ERROR]   location: variable booking of type com.agrifarms.common.entity.Booking
[ERROR] /D:/company-work/agrifarm project/agrifarm-common-service/src/main/java/com/agrifarms/common/service/BookingService.java:[34,16] cannot find symbol
[ERROR]   symbol:   method setStatus(java.lang.String)
[ERROR]   location: variable booking of type com.agrifarms.common.entity.Booking
[ERROR] /D:/company-work/agrifarm project/agrifarm-common-service/src/main/java/com/agrifarms/common/dto/DtoMapper.java:[30,23] cannot find symbol
[ERROR]   symbol:   method getProfileImageUrl()
[ERROR]   location: variable entity of type com.agrifarms.common.entity.User
[ERROR] /D:/company-work/agrifarm project/agrifarm-common-service/src/main/java/com/agrifarms/common/dto/DtoMapper.java:[29,23] cannot find symbol
[ERROR]   symbol:   method getVillage()
[ERROR]   location: variable entity of type com.agrifarms.common.entity.User
[ERROR] /D:/company-work/agrifarm project/agrifarm-common-service/src/main/java/com/agrifarms/common/dto/DtoMapper.java:[28,23] cannot find symbol
[ERROR]   symbol:   method getDistrict()
[ERROR]   location: variable entity of type com.agrifarms.common.entity.User
[ERROR] /D:/company-work/agrifarm project/agrifarm-common-service/src/main/java/com/agrifarms/common/dto/DtoMapper.java:[27,23] cannot find symbol
[ERROR]   symbol:   method getRole()
[ERROR]   location: variable entity of type com.agrifarms.common.entity.User
[ERROR] /D:/company-work/agrifarm project/agrifarm-common-service/src/main/java/com/agrifarms/common/dto/DtoMapper.java:[26,23] cannot find symbol
[ERROR]   symbol:   method getFullName()
[ERROR]   location: variable entity of type com.agrifarms.common.entity.User
[ERROR] /D:/company-work/agrifarm project/agrifarm-common-service/src/main/java/com/agrifarms/common/dto/DtoMapper.java:[25,23] cannot find symbol
[ERROR]   symbol:   method getPhoneNumber()
[ERROR]   location: variable entity of type com.agrifarms.common.entity.User
[ERROR] /D:/company-work/agrifarm project/agrifarm-common-service/src/main/java/com/agrifarms/common/dto/DtoMapper.java:[24,23] cannot find symbol
[ERROR]   symbol:   method getUserId()
[ERROR]   location: variable entity of type com.agrifarms.common.entity.User
[ERROR] /D:/company-work/agrifarm project/agrifarm-common-service/src/main/java/com/agrifarms/common/dto/DtoMapper.java:[37,29] cannot find symbol
[ERROR]   symbol:   method getUserId()
[ERROR]   location: variable dto of type com.agrifarms.common.dto.UserDTO
[ERROR] /D:/company-work/agrifarm project/agrifarm-common-service/src/main/java/com/agrifarms/common/dto/DtoMapper.java:[38,34] cannot find symbol
[ERROR]   symbol:   method getPhoneNumber()
[ERROR]   location: variable dto of type com.agrifarms.common.dto.UserDTO
[ERROR] /D:/company-work/agrifarm project/agrifarm-common-service/src/main/java/com/agrifarms/common/dto/DtoMapper.java:[39,31] cannot find symbol
[ERROR]   symbol:   method getFullName()
[ERROR]   location: variable dto of type com.agrifarms.common.dto.UserDTO
[ERROR] /D:/company-work/agrifarm project/agrifarm-common-service/src/main/java/com/agrifarms/common/dto/DtoMapper.java:[40,27] cannot find symbol
[ERROR]   symbol:   method getRole()
[ERROR]   location: variable dto of type com.agrifarms.common.dto.UserDTO
[ERROR] /D:/company-work/agrifarm project/agrifarm-common-service/src/main/java/com/agrifarms/common/dto/DtoMapper.java:[41,31] cannot find symbol
[ERROR]   symbol:   method getDistrict()
[ERROR]   location: variable dto of type com.agrifarms.common.dto.UserDTO
[ERROR] /D:/company-work/agrifarm project/agrifarm-common-service/src/main/java/com/agrifarms/common/dto/DtoMapper.java:[42,30] cannot find symbol
[ERROR]   symbol:   method getVillage()
[ERROR]   location: variable dto of type com.agrifarms.common.dto.UserDTO
[ERROR] /D:/company-work/agrifarm project/agrifarm-common-service/src/main/java/com/agrifarms/common/dto/DtoMapper.java:[43,38] cannot find symbol
[ERROR]   symbol:   method getProfileImageUrl()
[ERROR]   location: variable dto of type com.agrifarms.common.dto.UserDTO
[ERROR] /D:/company-work/agrifarm project/agrifarm-common-service/src/main/java/com/agrifarms/common/dto/DtoMapper.java:[63,23] cannot find symbol
[ERROR]   symbol:   method getImageUrl()
[ERROR]   location: variable entity of type com.agrifarms.common.entity.Equipment
[ERROR] /D:/company-work/agrifarm project/agrifarm-common-service/src/main/java/com/agrifarms/common/dto/DtoMapper.java:[62,23] cannot find symbol
[ERROR]   symbol:   method getApprovalStatus()
[ERROR]   location: variable entity of type com.agrifarms.common.entity.Equipment
[ERROR] /D:/company-work/agrifarm project/agrifarm-common-service/src/main/java/com/agrifarms/common/dto/DtoMapper.java:[61,23] cannot find symbol
[ERROR]   symbol:   method getRating()
[ERROR]   location: variable entity of type com.agrifarms.common.entity.Equipment
[ERROR] /D:/company-work/agrifarm project/agrifarm-common-service/src/main/java/com/agrifarms/common/dto/DtoMapper.java:[60,23] cannot find symbol
[ERROR]   symbol:   method getIsAvailable()
[ERROR]   location: variable entity of type com.agrifarms.common.entity.Equipment
[ERROR] /D:/company-work/agrifarm project/agrifarm-common-service/src/main/java/com/agrifarms/common/dto/DtoMapper.java:[59,23] cannot find symbol
[ERROR]   symbol:   method getLocation()
[ERROR]   location: variable entity of type com.agrifarms.common.entity.Equipment
[ERROR] /D:/company-work/agrifarm project/agrifarm-common-service/src/main/java/com/agrifarms/common/dto/DtoMapper.java:[58,23] cannot find symbol
[ERROR]   symbol:   method getOperatorAvailable()
[ERROR]   location: variable entity of type com.agrifarms.common.entity.Equipment
[ERROR] /D:/company-work/agrifarm project/agrifarm-common-service/src/main/java/com/agrifarms/common/dto/DtoMapper.java:[57,23] cannot find symbol
[ERROR]   symbol:   method getPricePerHour()
[ERROR]   location: variable entity of type com.agrifarms.common.entity.Equipment
[ERROR] /D:/company-work/agrifarm project/agrifarm-common-service/src/main/java/com/agrifarms/common/dto/DtoMapper.java:[56,23] cannot find symbol
[ERROR]   symbol:   method getConditionStatus()
[ERROR]   location: variable entity of type com.agrifarms.common.entity.Equipment
[ERROR] /D:/company-work/agrifarm project/agrifarm-common-service/src/main/java/com/agrifarms/common/dto/DtoMapper.java:[55,23] cannot find symbol
[ERROR]   symbol:   method getBrandModel()
[ERROR]   location: variable entity of type com.agrifarms.common.entity.Equipment
[ERROR] /D:/company-work/agrifarm project/agrifarm-common-service/src/main/java/com/agrifarms/common/dto/DtoMapper.java:[54,23] cannot find symbol
[ERROR]   symbol:   method getCategory()
[ERROR]   location: variable entity of type com.agrifarms.common.entity.Equipment
[ERROR] /D:/company-work/agrifarm project/agrifarm-common-service/src/main/java/com/agrifarms/common/dto/DtoMapper.java:[53,23] cannot find symbol
[ERROR]   symbol:   method getOwnerId()
[ERROR]   location: variable entity of type com.agrifarms.common.entity.Equipment
[ERROR] /D:/company-work/agrifarm project/agrifarm-common-service/src/main/java/com/agrifarms/common/dto/DtoMapper.java:[52,23] cannot find symbol
[ERROR]   symbol:   method getEquipmentId()
[ERROR]   location: variable entity of type com.agrifarms.common.entity.Equipment
[ERROR] /D:/company-work/agrifarm project/agrifarm-common-service/src/main/java/com/agrifarms/common/dto/DtoMapper.java:[70,34] cannot find symbol
[ERROR]   symbol:   method getEquipmentId()
[ERROR]   location: variable dto of type com.agrifarms.common.dto.EquipmentDTO
[ERROR] /D:/company-work/agrifarm project/agrifarm-common-service/src/main/java/com/agrifarms/common/dto/DtoMapper.java:[71,30] cannot find symbol
[ERROR]   symbol:   method getOwnerId()
[ERROR]   location: variable dto of type com.agrifarms.common.dto.EquipmentDTO
[ERROR] /D:/company-work/agrifarm project/agrifarm-common-service/src/main/java/com/agrifarms/common/dto/DtoMapper.java:[72,31] cannot find symbol
[ERROR]   symbol:   method getCategory()
[ERROR]   location: variable dto of type com.agrifarms.common.dto.EquipmentDTO
[ERROR] /D:/company-work/agrifarm project/agrifarm-common-service/src/main/java/com/agrifarms/common/dto/DtoMapper.java:[73,33] cannot find symbol
[ERROR]   symbol:   method getBrandModel()
[ERROR]   location: variable dto of type com.agrifarms.common.dto.EquipmentDTO
[ERROR] /D:/company-work/agrifarm project/agrifarm-common-service/src/main/java/com/agrifarms/common/dto/DtoMapper.java:[74,38] cannot find symbol
[ERROR]   symbol:   method getConditionStatus()
[ERROR]   location: variable dto of type com.agrifarms.common.dto.EquipmentDTO
[ERROR] /D:/company-work/agrifarm project/agrifarm-common-service/src/main/java/com/agrifarms/common/dto/DtoMapper.java:[75,35] cannot find symbol
[ERROR]   symbol:   method getPricePerHour()
[ERROR]   location: variable dto of type com.agrifarms.common.dto.EquipmentDTO
[ERROR] /D:/company-work/agrifarm project/agrifarm-common-service/src/main/java/com/agrifarms/common/dto/DtoMapper.java:[76,40] cannot find symbol
[ERROR]   symbol:   method getOperatorAvailable()
[ERROR]   location: variable dto of type com.agrifarms.common.dto.EquipmentDTO
[ERROR] /D:/company-work/agrifarm project/agrifarm-common-service/src/main/java/com/agrifarms/common/dto/DtoMapper.java:[77,31] cannot find symbol
[ERROR]   symbol:   method getLocation()
[ERROR]   location: variable dto of type com.agrifarms.common.dto.EquipmentDTO
[ERROR] /D:/company-work/agrifarm project/agrifarm-common-service/src/main/java/com/agrifarms/common/dto/DtoMapper.java:[78,34] cannot find symbol
[ERROR]   symbol:   method getIsAvailable()
[ERROR]   location: variable dto of type com.agrifarms.common.dto.EquipmentDTO
[ERROR] /D:/company-work/agrifarm project/agrifarm-common-service/src/main/java/com/agrifarms/common/dto/DtoMapper.java:[79,29] cannot find symbol
[ERROR]   symbol:   method getRating()
[ERROR]   location: variable dto of type com.agrifarms.common.dto.EquipmentDTO
[ERROR] /D:/company-work/agrifarm project/agrifarm-common-service/src/main/java/com/agrifarms/common/dto/DtoMapper.java:[80,37] cannot find symbol
[ERROR]   symbol:   method getApprovalStatus()
[ERROR]   location: variable dto of type com.agrifarms.common.dto.EquipmentDTO
[ERROR] /D:/company-work/agrifarm project/agrifarm-common-service/src/main/java/com/agrifarms/common/dto/DtoMapper.java:[81,31] cannot find symbol
[ERROR]   symbol:   method getImageUrl()
[ERROR]   location: variable dto of type com.agrifarms.common.dto.EquipmentDTO
[ERROR] /D:/company-work/agrifarm project/agrifarm-common-service/src/main/java/com/agrifarms/common/dto/DtoMapper.java:[102,23] cannot find symbol
[ERROR]   symbol:   method getImageUrl()
[ERROR]   location: variable entity of type com.agrifarms.common.entity.TransportVehicle
[ERROR] /D:/company-work/agrifarm project/agrifarm-common-service/src/main/java/com/agrifarms/common/dto/DtoMapper.java:[101,23] cannot find symbol
[ERROR]   symbol:   method getApprovalStatus()
[ERROR]   location: variable entity of type com.agrifarms.common.entity.TransportVehicle
[ERROR] /D:/company-work/agrifarm project/agrifarm-common-service/src/main/java/com/agrifarms/common/dto/DtoMapper.java:[100,23] cannot find symbol
[ERROR]   symbol:   method getRating()
[ERROR]   location: variable entity of type com.agrifarms.common.entity.TransportVehicle
[ERROR] /D:/company-work/agrifarm project/agrifarm-common-service/src/main/java/com/agrifarms/common/dto/DtoMapper.java:[99,23] cannot find symbol
[ERROR]   symbol:   method getIsAvailable()
[ERROR]   location: variable entity of type com.agrifarms.common.entity.TransportVehicle
[ERROR] /D:/company-work/agrifarm project/agrifarm-common-service/src/main/java/com/agrifarms/common/dto/DtoMapper.java:[98,23] cannot find symbol
[ERROR]   symbol:   method getLocation()
[ERROR]   location: variable entity of type com.agrifarms.common.entity.TransportVehicle
[ERROR] /D:/company-work/agrifarm project/agrifarm-common-service/src/main/java/com/agrifarms/common/dto/DtoMapper.java:[97,23] cannot find symbol
[ERROR]   symbol:   method getServiceArea()
[ERROR]   location: variable entity of type com.agrifarms.common.entity.TransportVehicle
[ERROR] /D:/company-work/agrifarm project/agrifarm-common-service/src/main/java/com/agrifarms/common/dto/DtoMapper.java:[96,23] cannot find symbol
[ERROR]   symbol:   method getDriverIncluded()
[ERROR]   location: variable entity of type com.agrifarms.common.entity.TransportVehicle
[ERROR] /D:/company-work/agrifarm project/agrifarm-common-service/src/main/java/com/agrifarms/common/dto/DtoMapper.java:[95,23] cannot find symbol
[ERROR]   symbol:   method getPricePerKmOrTrip()
[ERROR]   location: variable entity of type com.agrifarms.common.entity.TransportVehicle
[ERROR] /D:/company-work/agrifarm project/agrifarm-common-service/src/main/java/com/agrifarms/common/dto/DtoMapper.java:[94,23] cannot find symbol
[ERROR]   symbol:   method getLoadCapacity()
[ERROR]   location: variable entity of type com.agrifarms.common.entity.TransportVehicle
[ERROR] /D:/company-work/agrifarm project/agrifarm-common-service/src/main/java/com/agrifarms/common/dto/DtoMapper.java:[93,23] cannot find symbol
[ERROR]   symbol:   method getVehicleNumber()
[ERROR]   location: variable entity of type com.agrifarms.common.entity.TransportVehicle
[ERROR] /D:/company-work/agrifarm project/agrifarm-common-service/src/main/java/com/agrifarms/common/dto/DtoMapper.java:[92,23] cannot find symbol
[ERROR]   symbol:   method getVehicleType()
[ERROR]   location: variable entity of type com.agrifarms.common.entity.TransportVehicle
[ERROR] /D:/company-work/agrifarm project/agrifarm-common-service/src/main/java/com/agrifarms/common/dto/DtoMapper.java:[91,23] cannot find symbol
[ERROR]   symbol:   method getOwnerId()
[ERROR]   location: variable entity of type com.agrifarms.common.entity.TransportVehicle
[ERROR] /D:/company-work/agrifarm project/agrifarm-common-service/src/main/java/com/agrifarms/common/dto/DtoMapper.java:[90,23] cannot find symbol
[ERROR]   symbol:   method getVehicleId()
[ERROR]   location: variable entity of type com.agrifarms.common.entity.TransportVehicle
[ERROR] /D:/company-work/agrifarm project/agrifarm-common-service/src/main/java/com/agrifarms/common/dto/DtoMapper.java:[109,32] cannot find symbol
[ERROR]   symbol:   method getVehicleId()
[ERROR]   location: variable dto of type com.agrifarms.common.dto.TransportVehicleDTO
[ERROR] /D:/company-work/agrifarm project/agrifarm-common-service/src/main/java/com/agrifarms/common/dto/DtoMapper.java:[110,30] cannot find symbol
[ERROR]   symbol:   method getOwnerId()
[ERROR]   location: variable dto of type com.agrifarms.common.dto.TransportVehicleDTO
[ERROR] /D:/company-work/agrifarm project/agrifarm-common-service/src/main/java/com/agrifarms/common/dto/DtoMapper.java:[111,34] cannot find symbol
[ERROR]   symbol:   method getVehicleType()
[ERROR]   location: variable dto of type com.agrifarms.common.dto.TransportVehicleDTO
[ERROR] /D:/company-work/agrifarm project/agrifarm-common-service/src/main/java/com/agrifarms/common/dto/DtoMapper.java:[112,36] cannot find symbol
[ERROR]   symbol:   method getVehicleNumber()
[ERROR]   location: variable dto of type com.agrifarms.common.dto.TransportVehicleDTO
[ERROR] /D:/company-work/agrifarm project/agrifarm-common-service/src/main/java/com/agrifarms/common/dto/DtoMapper.java:[113,35] cannot find symbol
[ERROR]   symbol:   method getLoadCapacity()
[ERROR]   location: variable dto of type com.agrifarms.common.dto.TransportVehicleDTO
[ERROR] /D:/company-work/agrifarm project/agrifarm-common-service/src/main/java/com/agrifarms/common/dto/DtoMapper.java:[114,39] cannot find symbol
[ERROR]   symbol:   method getPricePerKmOrTrip()
[ERROR]   location: variable dto of type com.agrifarms.common.dto.TransportVehicleDTO
[ERROR] /D:/company-work/agrifarm project/agrifarm-common-service/src/main/java/com/agrifarms/common/dto/DtoMapper.java:[115,37] cannot find symbol
[ERROR]   symbol:   method getDriverIncluded()
[ERROR]   location: variable dto of type com.agrifarms.common.dto.TransportVehicleDTO
[ERROR] /D:/company-work/agrifarm project/agrifarm-common-service/src/main/java/com/agrifarms/common/dto/DtoMapper.java:[116,34] cannot find symbol
[ERROR]   symbol:   method getServiceArea()
[ERROR]   location: variable dto of type com.agrifarms.common.dto.TransportVehicleDTO
[ERROR] /D:/company-work/agrifarm project/agrifarm-common-service/src/main/java/com/agrifarms/common/dto/DtoMapper.java:[117,31] cannot find symbol
[ERROR]   symbol:   method getLocation()
[ERROR]   location: variable dto of type com.agrifarms.common.dto.TransportVehicleDTO
[ERROR] /D:/company-work/agrifarm project/agrifarm-common-service/src/main/java/com/agrifarms/common/dto/DtoMapper.java:[118,34] cannot find symbol
[ERROR]   symbol:   method getIsAvailable()
[ERROR]   location: variable dto of type com.agrifarms.common.dto.TransportVehicleDTO
[ERROR] /D:/company-work/agrifarm project/agrifarm-common-service/src/main/java/com/agrifarms/common/dto/DtoMapper.java:[119,29] cannot find symbol
[ERROR]   symbol:   method getRating()
[ERROR]   location: variable dto of type com.agrifarms.common.dto.TransportVehicleDTO
[ERROR] /D:/company-work/agrifarm project/agrifarm-common-service/src/main/java/com/agrifarms/common/dto/DtoMapper.java:[120,37] cannot find symbol
[ERROR]   symbol:   method getApprovalStatus()
[ERROR]   location: variable dto of type com.agrifarms.common.dto.TransportVehicleDTO
[ERROR] /D:/company-work/agrifarm project/agrifarm-common-service/src/main/java/com/agrifarms/common/dto/DtoMapper.java:[121,31] cannot find symbol
[ERROR]   symbol:   method getImageUrl()
[ERROR]   location: variable dto of type com.agrifarms.common.dto.TransportVehicleDTO
[ERROR] /D:/company-work/agrifarm project/agrifarm-common-service/src/main/java/com/agrifarms/common/dto/DtoMapper.java:[142,23] cannot find symbol
[ERROR]   symbol:   method getImageUrl()
[ERROR]   location: variable entity of type com.agrifarms.common.entity.ServiceOffering
[ERROR] /D:/company-work/agrifarm project/agrifarm-common-service/src/main/java/com/agrifarms/common/dto/DtoMapper.java:[141,23] cannot find symbol
[ERROR]   symbol:   method getApprovalStatus()
[ERROR]   location: variable entity of type com.agrifarms.common.entity.ServiceOffering
[ERROR] /D:/company-work/agrifarm project/agrifarm-common-service/src/main/java/com/agrifarms/common/dto/DtoMapper.java:[140,23] cannot find symbol
[ERROR]   symbol:   method getRating()
[ERROR]   location: variable entity of type com.agrifarms.common.entity.ServiceOffering
[ERROR] /D:/company-work/agrifarm project/agrifarm-common-service/src/main/java/com/agrifarms/common/dto/DtoMapper.java:[139,23] cannot find symbol
[ERROR]   symbol:   method getIsAvailable()
[ERROR]   location: variable entity of type com.agrifarms.common.entity.ServiceOffering
[ERROR] /D:/company-work/agrifarm project/agrifarm-common-service/src/main/java/com/agrifarms/common/dto/DtoMapper.java:[138,23] cannot find symbol
[ERROR]   symbol:   method getLocation()
[ERROR]   location: variable entity of type com.agrifarms.common.entity.ServiceOffering
[ERROR] /D:/company-work/agrifarm project/agrifarm-common-service/src/main/java/com/agrifarms/common/dto/DtoMapper.java:[137,23] cannot find symbol
[ERROR]   symbol:   method getOperatorIncluded()
[ERROR]   location: variable entity of type com.agrifarms.common.entity.ServiceOffering
[ERROR] /D:/company-work/agrifarm project/agrifarm-common-service/src/main/java/com/agrifarms/common/dto/DtoMapper.java:[136,23] cannot find symbol
[ERROR]   symbol:   method getPriceRate()
[ERROR]   location: variable entity of type com.agrifarms.common.entity.ServiceOffering
[ERROR] /D:/company-work/agrifarm project/agrifarm-common-service/src/main/java/com/agrifarms/common/dto/DtoMapper.java:[135,23] cannot find symbol
[ERROR]   symbol:   method getEquipmentUsed()
[ERROR]   location: variable entity of type com.agrifarms.common.entity.ServiceOffering
[ERROR] /D:/company-work/agrifarm project/agrifarm-common-service/src/main/java/com/agrifarms/common/dto/DtoMapper.java:[134,23] cannot find symbol
[ERROR]   symbol:   method getDescription()
[ERROR]   location: variable entity of type com.agrifarms.common.entity.ServiceOffering
[ERROR] /D:/company-work/agrifarm project/agrifarm-common-service/src/main/java/com/agrifarms/common/dto/DtoMapper.java:[133,23] cannot find symbol
[ERROR]   symbol:   method getBusinessName()
[ERROR]   location: variable entity of type com.agrifarms.common.entity.ServiceOffering
[ERROR] /D:/company-work/agrifarm project/agrifarm-common-service/src/main/java/com/agrifarms/common/dto/DtoMapper.java:[132,23] cannot find symbol
[ERROR]   symbol:   method getServiceType()
[ERROR]   location: variable entity of type com.agrifarms.common.entity.ServiceOffering
[ERROR] /D:/company-work/agrifarm project/agrifarm-common-service/src/main/java/com/agrifarms/common/dto/DtoMapper.java:[131,23] cannot find symbol
[ERROR]   symbol:   method getOwnerId()
[ERROR]   location: variable entity of type com.agrifarms.common.entity.ServiceOffering
[ERROR] /D:/company-work/agrifarm project/agrifarm-common-service/src/main/java/com/agrifarms/common/dto/DtoMapper.java:[130,23] cannot find symbol
[ERROR]   symbol:   method getServiceId()
[ERROR]   location: variable entity of type com.agrifarms.common.entity.ServiceOffering
[ERROR] /D:/company-work/agrifarm project/agrifarm-common-service/src/main/java/com/agrifarms/common/dto/DtoMapper.java:[149,32] cannot find symbol
[ERROR]   symbol:   method getServiceId()
[ERROR]   location: variable dto of type com.agrifarms.common.dto.ServiceOfferingDTO
[ERROR] /D:/company-work/agrifarm project/agrifarm-common-service/src/main/java/com/agrifarms/common/dto/DtoMapper.java:[150,30] cannot find symbol
[ERROR]   symbol:   method getOwnerId()
[ERROR]   location: variable dto of type com.agrifarms.common.dto.ServiceOfferingDTO
[ERROR] /D:/company-work/agrifarm project/agrifarm-common-service/src/main/java/com/agrifarms/common/dto/DtoMapper.java:[151,34] cannot find symbol
[ERROR]   symbol:   method getServiceType()
[ERROR]   location: variable dto of type com.agrifarms.common.dto.ServiceOfferingDTO
[ERROR] /D:/company-work/agrifarm project/agrifarm-common-service/src/main/java/com/agrifarms/common/dto/DtoMapper.java:[152,35] cannot find symbol
[ERROR]   symbol:   method getBusinessName()
[ERROR]   location: variable dto of type com.agrifarms.common.dto.ServiceOfferingDTO
[ERROR] /D:/company-work/agrifarm project/agrifarm-common-service/src/main/java/com/agrifarms/common/dto/DtoMapper.java:[153,34] cannot find symbol
[ERROR]   symbol:   method getDescription()
[ERROR]   location: variable dto of type com.agrifarms.common.dto.ServiceOfferingDTO
[ERROR] /D:/company-work/agrifarm project/agrifarm-common-service/src/main/java/com/agrifarms/common/dto/DtoMapper.java:[154,36] cannot find symbol
[ERROR]   symbol:   method getEquipmentUsed()
[ERROR]   location: variable dto of type com.agrifarms.common.dto.ServiceOfferingDTO
[ERROR] /D:/company-work/agrifarm project/agrifarm-common-service/src/main/java/com/agrifarms/common/dto/DtoMapper.java:[155,32] cannot find symbol
[ERROR]   symbol:   method getPriceRate()
[ERROR]   location: variable dto of type com.agrifarms.common.dto.ServiceOfferingDTO
[ERROR] /D:/company-work/agrifarm project/agrifarm-common-service/src/main/java/com/agrifarms/common/dto/DtoMapper.java:[156,39] cannot find symbol
[ERROR]   symbol:   method getOperatorIncluded()
[ERROR]   location: variable dto of type com.agrifarms.common.dto.ServiceOfferingDTO
[ERROR] /D:/company-work/agrifarm project/agrifarm-common-service/src/main/java/com/agrifarms/common/dto/DtoMapper.java:[157,31] cannot find symbol
[ERROR]   symbol:   method getLocation()
[ERROR]   location: variable dto of type com.agrifarms.common.dto.ServiceOfferingDTO
[ERROR] /D:/company-work/agrifarm project/agrifarm-common-service/src/main/java/com/agrifarms/common/dto/DtoMapper.java:[158,34] cannot find symbol
[ERROR]   symbol:   method getIsAvailable()
[ERROR]   location: variable dto of type com.agrifarms.common.dto.ServiceOfferingDTO
[ERROR] /D:/company-work/agrifarm project/agrifarm-common-service/src/main/java/com/agrifarms/common/dto/DtoMapper.java:[159,29] cannot find symbol
[ERROR]   symbol:   method getRating()
[ERROR]   location: variable dto of type com.agrifarms.common.dto.ServiceOfferingDTO
[ERROR] /D:/company-work/agrifarm project/agrifarm-common-service/src/main/java/com/agrifarms/common/dto/DtoMapper.java:[160,37] cannot find symbol
[ERROR]   symbol:   method getApprovalStatus()
[ERROR]   location: variable dto of type com.agrifarms.common.dto.ServiceOfferingDTO
[ERROR] /D:/company-work/agrifarm project/agrifarm-common-service/src/main/java/com/agrifarms/common/dto/DtoMapper.java:[161,31] cannot find symbol
[ERROR]   symbol:   method getImageUrl()
[ERROR]   location: variable dto of type com.agrifarms.common.dto.ServiceOfferingDTO
[ERROR] /D:/company-work/agrifarm project/agrifarm-common-service/src/main/java/com/agrifarms/common/dto/DtoMapper.java:[183,23] cannot find symbol
[ERROR]   symbol:   method getNotes()
[ERROR]   location: variable entity of type com.agrifarms.common.entity.Booking
[ERROR] /D:/company-work/agrifarm project/agrifarm-common-service/src/main/java/com/agrifarms/common/dto/DtoMapper.java:[182,23] cannot find symbol
[ERROR]   symbol:   method getAddressText()
[ERROR]   location: variable entity of type com.agrifarms.common.entity.Booking
[ERROR] /D:/company-work/agrifarm project/agrifarm-common-service/src/main/java/com/agrifarms/common/dto/DtoMapper.java:[181,23] cannot find symbol
[ERROR]   symbol:   method getLocationLng()
[ERROR]   location: variable entity of type com.agrifarms.common.entity.Booking
[ERROR] /D:/company-work/agrifarm project/agrifarm-common-service/src/main/java/com/agrifarms/common/dto/DtoMapper.java:[180,23] cannot find symbol
[ERROR]   symbol:   method getLocationLat()
[ERROR]   location: variable entity of type com.agrifarms.common.entity.Booking
[ERROR] /D:/company-work/agrifarm project/agrifarm-common-service/src/main/java/com/agrifarms/common/dto/DtoMapper.java:[179,23] cannot find symbol
[ERROR]   symbol:   method getTotalAmount()
[ERROR]   location: variable entity of type com.agrifarms.common.entity.Booking
[ERROR] -> [Help 1]
org.apache.maven.lifecycle.LifecycleExecutionException: Failed to execute goal org.apache.maven.plugins:maven-compiler-plugin:3.11.0:compile (default-compile) on project agri-farms-common-service: Compilation failure
    at org.apache.maven.lifecycle.internal.MojoExecutor.doExecute2 (MojoExecutor.java:333)
    at org.apache.maven.lifecycle.internal.MojoExecutor.doExecute (MojoExecutor.java:316)
    at org.apache.maven.lifecycle.internal.MojoExecutor.execute (MojoExecutor.java:212)
    at org.apache.maven.lifecycle.internal.MojoExecutor.execute (MojoExecutor.java:174)
    at org.apache.maven.lifecycle.internal.MojoExecutor.access$000 (MojoExecutor.java:75)
    at org.apache.maven.lifecycle.internal.MojoExecutor$1.run (MojoExecutor.java:162)
    at org.apache.maven.plugin.DefaultMojosExecutionStrategy.execute (DefaultMojosExecutionStrategy.java:39)
    at org.apache.maven.lifecycle.internal.MojoExecutor.execute (MojoExecutor.java:159)
    at org.apache.maven.lifecycle.internal.LifecycleModuleBuilder.buildProject (LifecycleModuleBuilder.java:105)
    at org.apache.maven.lifecycle.internal.LifecycleModuleBuilder.buildProject (LifecycleModuleBuilder.java:73)
    at org.apache.maven.lifecycle.internal.builder.singlethreaded.SingleThreadedBuilder.build (SingleThreadedBuilder.java:53)
    at org.apache.maven.lifecycle.internal.LifecycleStarter.execute (LifecycleStarter.java:118)
    at org.apache.maven.DefaultMaven.doExecute (DefaultMaven.java:261)
    at org.apache.maven.DefaultMaven.doExecute (DefaultMaven.java:173)
    at org.apache.maven.DefaultMaven.execute (DefaultMaven.java:101)
    at org.apache.maven.cli.MavenCli.execute (MavenCli.java:906)
    at org.apache.maven.cli.MavenCli.doMain (MavenCli.java:283)
    at org.apache.maven.cli.MavenCli.main (MavenCli.java:206)
    at jdk.internal.reflect.DirectMethodHandleAccessor.invoke (DirectMethodHandleAccessor.java:104)
    at java.lang.reflect.Method.invoke (Method.java:565)
    at org.codehaus.plexus.classworlds.launcher.Launcher.launchEnhanced (Launcher.java:255)
    at org.codehaus.plexus.classworlds.launcher.Launcher.launch (Launcher.java:201)
    at org.codehaus.plexus.classworlds.launcher.Launcher.mainWithExitCode (Launcher.java:361)
    at org.codehaus.plexus.classworlds.launcher.Launcher.main (Launcher.java:314)
Caused by: org.apache.maven.plugin.compiler.CompilationFailureException: Compilation failure
    at org.apache.maven.plugin.compiler.AbstractCompilerMojo.execute (AbstractCompilerMojo.java:1212)
    at org.apache.maven.plugin.compiler.CompilerMojo.execute (CompilerMojo.java:193)
    at org.apache.maven.plugin.DefaultBuildPluginManager.executeMojo (DefaultBuildPluginManager.java:126)
    at org.apache.maven.lifecycle.internal.MojoExecutor.doExecute2 (MojoExecutor.java:328)
    at org.apache.maven.lifecycle.internal.MojoExecutor.doExecute (MojoExecutor.java:316)
    at org.apache.maven.lifecycle.internal.MojoExecutor.execute (MojoExecutor.java:212)
    at org.apache.maven.lifecycle.internal.MojoExecutor.execute (MojoExecutor.java:174)
    at org.apache.maven.lifecycle.internal.MojoExecutor.access$000 (MojoExecutor.java:75)
    at org.apache.maven.lifecycle.internal.MojoExecutor$1.run (MojoExecutor.java:162)
    at org.apache.maven.plugin.DefaultMojosExecutionStrategy.execute (DefaultMojosExecutionStrategy.java:39)
    at org.apache.maven.lifecycle.internal.MojoExecutor.execute (MojoExecutor.java:159)
    at org.apache.maven.lifecycle.internal.LifecycleModuleBuilder.buildProject (LifecycleModuleBuilder.java:105)
    at org.apache.maven.lifecycle.internal.LifecycleModuleBuilder.buildProject (LifecycleModuleBuilder.java:73)
    at org.apache.maven.lifecycle.internal.builder.singlethreaded.SingleThreadedBuilder.build (SingleThreadedBuilder.java:53)
    at org.apache.maven.lifecycle.internal.LifecycleStarter.execute (LifecycleStarter.java:118)
    at org.apache.maven.DefaultMaven.doExecute (DefaultMaven.java:261)
    at org.apache.maven.DefaultMaven.doExecute (DefaultMaven.java:173)
    at org.apache.maven.DefaultMaven.execute (DefaultMaven.java:101)
    at org.apache.maven.cli.MavenCli.execute (MavenCli.java:906)
    at org.apache.maven.cli.MavenCli.doMain (MavenCli.java:283)
    at org.apache.maven.cli.MavenCli.main (MavenCli.java:206)
    at jdk.internal.reflect.DirectMethodHandleAccessor.invoke (DirectMethodHandleAccessor.java:104)
    at java.lang.reflect.Method.invoke (Method.java:565)
    at org.codehaus.plexus.classworlds.launcher.Launcher.launchEnhanced (Launcher.java:255)
    at org.codehaus.plexus.classworlds.launcher.Launcher.launch (Launcher.java:201)
    at org.codehaus.plexus.classworlds.launcher.Launcher.mainWithExitCode (Launcher.java:361)
    at org.codehaus.plexus.classworlds.launcher.Launcher.main (Launcher.java:314)
[ERROR] 
[ERROR] 
[ERROR] For more information about the errors and possible solutions, please read the following articles:
[ERROR] [Help 1] http://cwiki.apache.org/confluence/display/MAVEN/MojoFailureException
[DEBUG] Shutting down adapter factory; available factories [file-lock, rwlock-local, semaphore-local, noop]; available name mappers [discriminating, file-gav, file-hgav, file-static, gav, static]
[DEBUG] Shutting down 'file-lock' factory
[DEBUG] Shutting down 'rwlock-local' factory
[DEBUG] Shutting down 'semaphore-local' factory
[DEBUG] Shutting down 'noop' factory
