[INFO] Scanning for projects...
[INFO] 
[INFO] --------------< com.agrifarms:agri-farms-common-service >---------------
[INFO] Building agri-farms-common-service 0.0.1-SNAPSHOT
[INFO]   from pom.xml
[INFO] --------------------------------[ jar ]---------------------------------
[INFO] 
[INFO] --- clean:3.3.2:clean (default-clean) @ agri-farms-common-service ---
[INFO] Deleting C:\Users\humer\Desktop\TX Projects\AgriFarms\agrifarm-common-service\target
[INFO] 
[INFO] --- resources:3.3.1:resources (default-resources) @ agri-farms-common-service ---
[INFO] Copying 1 resource from src\main\resources to target\classes
[INFO] Copying 2 resources from src\main\resources to target\classes
[INFO] 
[INFO] --- compiler:3.11.0:compile (default-compile) @ agri-farms-common-service ---
[INFO] Changes detected - recompiling the module! :source
[INFO] Compiling 35 source files with javac [debug release 17] to target\classes
[INFO] -------------------------------------------------------------
[ERROR] COMPILATION ERROR : 
[INFO] -------------------------------------------------------------
[ERROR] /C:/Users/humer/Desktop/TX Projects/AgriFarms/agrifarm-common-service/src/main/java/com/agrifarms/common/service/NotificationService.java:[8,14] package lombok does not exist
[ERROR] /C:/Users/humer/Desktop/TX Projects/AgriFarms/agrifarm-common-service/src/main/java/com/agrifarms/common/service/NotificationService.java:[17,2] cannot find symbol
  symbol: class RequiredArgsConstructor
[ERROR] /C:/Users/humer/Desktop/TX Projects/AgriFarms/agrifarm-common-service/src/main/java/com/agrifarms/common/service/BookingService.java:[10,14] package lombok does not exist
[ERROR] /C:/Users/humer/Desktop/TX Projects/AgriFarms/agrifarm-common-service/src/main/java/com/agrifarms/common/service/BookingService.java:[20,2] cannot find symbol
  symbol: class RequiredArgsConstructor
[INFO] 4 errors 
[INFO] -------------------------------------------------------------
[INFO] ------------------------------------------------------------------------
[INFO] BUILD FAILURE
[INFO] ------------------------------------------------------------------------
[INFO] Total time:  4.167 s
[INFO] Finished at: 2026-03-27T13:43:25+05:30
[INFO] ------------------------------------------------------------------------
[ERROR] Failed to execute goal org.apache.maven.plugins:maven-compiler-plugin:3.11.0:compile (default-compile) on project agri-farms-common-service: Compilation failure: Compilation failure: 
[ERROR] /C:/Users/humer/Desktop/TX Projects/AgriFarms/agrifarm-common-service/src/main/java/com/agrifarms/common/service/NotificationService.java:[8,14] package lombok does not exist
[ERROR] /C:/Users/humer/Desktop/TX Projects/AgriFarms/agrifarm-common-service/src/main/java/com/agrifarms/common/service/NotificationService.java:[17,2] cannot find symbol
[ERROR]   symbol: class RequiredArgsConstructor
[ERROR] /C:/Users/humer/Desktop/TX Projects/AgriFarms/agrifarm-common-service/src/main/java/com/agrifarms/common/service/BookingService.java:[10,14] package lombok does not exist
[ERROR] /C:/Users/humer/Desktop/TX Projects/AgriFarms/agrifarm-common-service/src/main/java/com/agrifarms/common/service/BookingService.java:[20,2] cannot find symbol
[ERROR]   symbol: class RequiredArgsConstructor
[ERROR] -> [Help 1]
[ERROR] 
[ERROR] To see the full stack trace of the errors, re-run Maven with the -e switch.
[ERROR] Re-run Maven using the -X switch to enable full debug logging.
[ERROR] 
[ERROR] For more information about the errors and possible solutions, please read the following articles:
[ERROR] [Help 1] http://cwiki.apache.org/confluence/display/MAVEN/MojoFailureException
