[INFO] Scanning for projects...
[INFO] 
[INFO] --------------< com.agrifarms:agri-farms-common-service >---------------
[INFO] Building agri-farms-common-service 0.0.1-SNAPSHOT
[INFO]   from pom.xml
[INFO] --------------------------------[ jar ]---------------------------------
[INFO] 
[INFO] --- clean:3.3.2:clean (default-clean) @ agri-farms-common-service ---
[INFO] Deleting C:\Users\humer\Desktop\TX Projects\AgriFarms\agrifarm-common-service\target
[INFO] 
[INFO] --- resources:3.3.1:resources (default-resources) @ agri-farms-common-service ---
[INFO] Copying 1 resource from src\main\resources to target\classes
[INFO] Copying 2 resources from src\main\resources to target\classes
[INFO] 
[INFO] --- compiler:3.11.0:compile (default-compile) @ agri-farms-common-service ---
[INFO] Changes detected - recompiling the module! :source
[INFO] Compiling 35 source files with javac [debug release 17] to target\classes
[INFO] ------------------------------------------------------------------------
[INFO] BUILD SUCCESS
[INFO] ------------------------------------------------------------------------
[INFO] Total time:  5.710 s
[INFO] Finished at: 2026-03-26T11:22:28+05:30
[INFO] ------------------------------------------------------------------------
